
  .   ____          _            __ _ _
 /\\ / ___'_ __ _ _(_)_ __  __ _ \ \ \ \
( ( )\___ | '_ | '_| | '_ \/ _` | \ \ \ \
 \\/  ___)| |_)| | | | | || (_| |  ) ) ) )
  '  |____| .__|_| |_|_| |_\__, | / / / /
 =========|_|==============|___/=/_/_/_/

 :: Spring Boot ::                (v3.4.2)

2026-06-28T22:03:40.855+05:30  INFO 24860 --- [stokr-lite] [           main] com.stokr.StokrLiteApplication           : Starting StokrLiteApplication v1.0.0-SNAPSHOT using Java 21.0.11 with PID 24860 (C:\Users\itsvi\Desktop\work_new\stokr-platform\stokr-lite\backend\target\stokr-lite-1.0.0-SNAPSHOT.jar started by itsvi in C:\Users\itsvi\Desktop\work_new\stokr-platform\stokr-lite\backend)
2026-06-28T22:03:40.862+05:30  INFO 24860 --- [stokr-lite] [           main] com.stokr.StokrLiteApplication           : No active profile set, falling back to 1 default profile: "default"
2026-06-28T22:03:47.811+05:30  INFO 24860 --- [stokr-lite] [           main] .s.d.r.c.RepositoryConfigurationDelegate : Bootstrapping Spring Data JPA repositories in DEFAULT mode.
2026-06-28T22:03:48.231+05:30  INFO 24860 --- [stokr-lite] [           main] .s.d.r.c.RepositoryConfigurationDelegate : Finished Spring Data repository scanning in 385 ms. Found 21 JPA repository interfaces.
2026-06-28T22:03:51.688+05:30  INFO 24860 --- [stokr-lite] [           main] o.s.b.w.embedded.tomcat.TomcatWebServer  : Tomcat initialized with port 8082 (http)
2026-06-28T22:03:51.747+05:30  INFO 24860 --- [stokr-lite] [           main] o.apache.catalina.core.StandardService   : Starting service [Tomcat]
2026-06-28T22:03:51.750+05:30  INFO 24860 --- [stokr-lite] [           main] o.apache.catalina.core.StandardEngine    : Starting Servlet engine: [Apache Tomcat/10.1.34]
2026-06-28T22:03:51.889+05:30  INFO 24860 --- [stokr-lite] [           main] o.a.c.c.C.[Tomcat].[localhost].[/]       : Initializing Spring embedded WebApplicationContext
2026-06-28T22:03:51.889+05:30  INFO 24860 --- [stokr-lite] [           main] w.s.c.ServletWebServerApplicationContext : Root WebApplicationContext: initialization completed in 10868 ms
2026-06-28T22:03:53.554+05:30  INFO 24860 --- [stokr-lite] [           main] com.zaxxer.hikari.HikariDataSource       : HikariPool-1 - Starting...
2026-06-28T22:03:55.764+05:30  INFO 24860 --- [stokr-lite] [           main] com.zaxxer.hikari.pool.HikariPool        : HikariPool-1 - Added connection org.postgresql.jdbc.PgConnection@6866e740
2026-06-28T22:03:55.773+05:30  INFO 24860 --- [stokr-lite] [           main] com.zaxxer.hikari.HikariDataSource       : HikariPool-1 - Start completed.
2026-06-28T22:03:55.956+05:30  INFO 24860 --- [stokr-lite] [           main] org.flywaydb.core.FlywayExecutor         : Database: jdbc:postgresql://db.tzxceqjvzilmnfzvdoet.supabase.co:5432/postgres?sslmode=require&reWriteBatchedInserts=true (PostgreSQL 17.6)
2026-06-28T22:03:57.859+05:30  INFO 24860 --- [stokr-lite] [           main] o.f.core.internal.command.DbMigrate      : Current version of schema "public": 21
2026-06-28T22:03:57.939+05:30  INFO 24860 --- [stokr-lite] [           main] o.f.core.internal.command.DbMigrate      : Schema "public" is up to date. No migration necessary.
2026-06-28T22:03:58.691+05:30  INFO 24860 --- [stokr-lite] [           main] o.hibernate.jpa.internal.util.LogHelper  : HHH000204: Processing PersistenceUnitInfo [name: default]
2026-06-28T22:03:58.946+05:30  INFO 24860 --- [stokr-lite] [           main] org.hibernate.Version                    : HHH000412: Hibernate ORM core version 6.6.5.Final
2026-06-28T22:03:59.080+05:30  INFO 24860 --- [stokr-lite] [           main] o.h.c.internal.RegionFactoryInitiator    : HHH000026: Second-level cache disabled
2026-06-28T22:04:00.035+05:30  INFO 24860 --- [stokr-lite] [           main] o.s.o.j.p.SpringPersistenceUnitInfo      : No LoadTimeWeaver setup: ignoring JPA class transformer
2026-06-28T22:04:00.387+05:30  WARN 24860 --- [stokr-lite] [           main] org.hibernate.orm.deprecation            : HHH90000025: PostgreSQLDialect does not need to be specified explicitly using 'hibernate.dialect' (remove the property setting and it will be selected by default)
2026-06-28T22:04:00.618+05:30  INFO 24860 --- [stokr-lite] [           main] org.hibernate.orm.connections.pooling    : HHH10001005: Database info:
	Database JDBC URL [Connecting through datasource 'HikariDataSource (HikariPool-1)']
	Database driver: undefined/unknown
	Database version: 17.6
	Autocommit mode: undefined/unknown
	Isolation level: undefined/unknown
	Minimum pool size: undefined/unknown
	Maximum pool size: undefined/unknown
2026-06-28T22:04:04.819+05:30  INFO 24860 --- [stokr-lite] [           main] o.h.e.t.j.p.i.JtaPlatformInitiator       : HHH000489: No JTA platform available (set 'hibernate.transaction.jta.platform' to enable JTA platform integration)
2026-06-28T22:04:04.828+05:30  INFO 24860 --- [stokr-lite] [           main] j.LocalContainerEntityManagerFactoryBean : Initialized JPA EntityManagerFactory for persistence unit 'default'
2026-06-28T22:04:08.061+05:30  INFO 24860 --- [stokr-lite] [           main] com.stokr.external.ZerodhaTokenManager   : Zerodha auth token updated, expires in 78504 seconds
2026-06-28T22:04:08.061+05:30  INFO 24860 --- [stokr-lite] [           main] com.stokr.external.ZerodhaTokenManager   : Loaded Zerodha token from DB for broker account 2, expires in 78504s
2026-06-28T22:04:08.685+05:30  INFO 24860 --- [stokr-lite] [           main] o.s.d.j.r.query.QueryEnhancerFactory     : Hibernate is in classpath; If applicable, HQL parser will be used.
2026-06-28T22:04:12.927+05:30  WARN 24860 --- [stokr-lite] [           main] .s.s.UserDetailsServiceAutoConfiguration : 

Using generated security password: 75b6e704-178b-40c4-bc3b-38963bcfccf0

This generated password is for development use only. Your security configuration must be updated before running your application in production.

2026-06-28T22:04:13.278+05:30  INFO 24860 --- [stokr-lite] [           main] o.s.b.a.w.s.WelcomePageHandlerMapping    : Adding welcome page: class path resource [static/index.html]
2026-06-28T22:04:14.323+05:30  INFO 24860 --- [stokr-lite] [           main] o.s.b.a.e.web.EndpointLinksResolver      : Exposing 3 endpoints beneath base path '/actuator'
2026-06-28T22:04:15.843+05:30  INFO 24860 --- [stokr-lite] [           main] o.s.b.w.embedded.tomcat.TomcatWebServer  : Tomcat started on port 8082 (http) with context path '/'
2026-06-28T22:04:15.910+05:30  INFO 24860 --- [stokr-lite] [           main] com.stokr.StokrLiteApplication           : Started StokrLiteApplication in 36.929 seconds (process running for 38.788)
2026-06-28T22:04:16.171+05:30  INFO 24860 --- [stokr-lite] [nio-8082-exec-2] o.a.c.c.C.[Tomcat].[localhost].[/]       : Initializing Spring DispatcherServlet 'dispatcherServlet'
2026-06-28T22:04:16.171+05:30  INFO 24860 --- [stokr-lite] [nio-8082-exec-2] o.s.web.servlet.DispatcherServlet        : Initializing Servlet 'dispatcherServlet'
2026-06-28T22:04:16.176+05:30  INFO 24860 --- [stokr-lite] [nio-8082-exec-2] o.s.web.servlet.DispatcherServlet        : Completed initialization in 3 ms
2026-06-28T22:04:24.468+05:30  INFO 24860 --- [stokr-lite] [           main] c.s.strategy.StaticUniverseSyncService   : Synced 50 symbols into group NIFTY_50
2026-06-28T22:04:40.021+05:30  INFO 24860 --- [stokr-lite] [           main] c.s.strategy.StaticUniverseSyncService   : Synced 100 symbols into group NIFTY_100
2026-06-28T22:04:53.337+05:30  INFO 24860 --- [stokr-lite] [           main] c.s.strategy.StaticUniverseSyncService   : Synced 83 symbols into group NIFTY_200
2026-06-28T22:05:08.840+05:30  INFO 24860 --- [stokr-lite] [           main] c.s.strategy.StaticUniverseSyncService   : Synced 101 symbols into group NIFTY_500
2026-06-28T22:05:11.284+05:30  INFO 24860 --- [stokr-lite] [           main] c.s.strategy.StaticUniverseSyncService   : Synced 15 symbols into group BANKNIFTY
2026-06-28T22:05:13.852+05:30  INFO 24860 --- [stokr-lite] [           main] c.s.strategy.StaticUniverseSyncService   : Synced 15 symbols into group FINNIFTY
2026-06-28T22:05:15.554+05:30  INFO 24860 --- [stokr-lite] [           main] c.s.strategy.StaticUniverseSyncService   : Synced 10 symbols into group AUTO_NIFTY
2026-06-28T22:05:17.302+05:30  INFO 24860 --- [stokr-lite] [           main] c.s.strategy.StaticUniverseSyncService   : Synced 10 symbols into group IT_NIFTY
2026-06-28T22:05:19.199+05:30  INFO 24860 --- [stokr-lite] [           main] c.s.strategy.StaticUniverseSyncService   : Synced 10 symbols into group PHARMA_NIFTY
2026-06-28T22:05:19.203+05:30  INFO 24860 --- [stokr-lite] [           main] c.s.strategy.StaticUniverseSyncService   : Static universe sync completed. 9 groups synced.
2026-06-28T22:05:19.294+05:30  INFO 24860 --- [stokr-lite] [           main] com.stokr.engine.PositionReconciler      : === STARTUP POSITION RECONCILIATION ===
2026-06-28T22:05:19.385+05:30  INFO 24860 --- [stokr-lite] [           main] com.stokr.engine.PositionReconciler      : === RECONCILIATION COMPLETE ===
2026-06-28T22:05:42.611+05:30  INFO 24860 --- [stokr-lite] [nio-8082-exec-9] com.stokr.engine.BacktestController      : Running advanced backtest: strategy=OBL, universe=NIFTY_100, dateStart=2026-03-26T00:00:00, dateEnd=2026-06-27T23:59:59, timeframe=1min, capital=25000.0
2026-06-28T22:05:43.068+05:30  INFO 24860 --- [stokr-lite] [nio-8082-exec-9] com.stokr.engine.BacktestController      : Backtesting plugin=ORB_BREAKOUT_LONG on 100 symbols from NIFTY_100
2026-06-28T22:05:43.070+05:30  INFO 24860 --- [stokr-lite] [pool-2-thread-2] com.stokr.engine.CandleFetchService      : Fetching candles: symbol=TCS, timeframe=1min, start=2026-03-26T00:00, end=2026-06-27T23:59:59
2026-06-28T22:05:43.070+05:30  INFO 24860 --- [stokr-lite] [pool-2-thread-1] com.stokr.engine.CandleFetchService      : Fetching candles: symbol=RELIANCE, timeframe=1min, start=2026-03-26T00:00, end=2026-06-27T23:59:59
2026-06-28T22:05:43.072+05:30  INFO 24860 --- [stokr-lite] [pool-2-thread-3] com.stokr.engine.CandleFetchService      : Fetching candles: symbol=HDFCBANK, timeframe=1min, start=2026-03-26T00:00, end=2026-06-27T23:59:59
2026-06-28T22:05:43.073+05:30  INFO 24860 --- [stokr-lite] [pool-2-thread-4] com.stokr.engine.CandleFetchService      : Fetching candles: symbol=INFY, timeframe=1min, start=2026-03-26T00:00, end=2026-06-27T23:59:59
2026-06-28T22:05:45.280+05:30  INFO 24860 --- [stokr-lite] [pool-2-thread-1] com.stokr.engine.CandleFetchService      : Found 22716 candles in DB for RELIANCE/1min
2026-06-28T22:05:45.304+05:30  INFO 24860 --- [stokr-lite] [pool-2-thread-1] com.stokr.engine.CandleFetchService      : Fetching candles: symbol=ICICIBANK, timeframe=1min, start=2026-03-26T00:00, end=2026-06-27T23:59:59
2026-06-28T22:05:45.779+05:30  INFO 24860 --- [stokr-lite] [pool-2-thread-4] com.stokr.engine.CandleFetchService      : Found 22716 candles in DB for INFY/1min
2026-06-28T22:05:45.779+05:30  INFO 24860 --- [stokr-lite] [pool-2-thread-4] com.stokr.engine.CandleFetchService      : Fetching candles: symbol=SBIN, timeframe=1min, start=2026-03-26T00:00, end=2026-06-27T23:59:59
2026-06-28T22:05:46.052+05:30  INFO 24860 --- [stokr-lite] [pool-2-thread-3] com.stokr.engine.CandleFetchService      : Found 22716 candles in DB for HDFCBANK/1min
2026-06-28T22:05:46.052+05:30  INFO 24860 --- [stokr-lite] [pool-2-thread-3] com.stokr.engine.CandleFetchService      : Fetching candles: symbol=BHARTIARTL, timeframe=1min, start=2026-03-26T00:00, end=2026-06-27T23:59:59
2026-06-28T22:05:46.972+05:30  INFO 24860 --- [stokr-lite] [pool-2-thread-1] com.stokr.engine.CandleFetchService      : Found 22716 candles in DB for ICICIBANK/1min
2026-06-28T22:05:46.972+05:30  INFO 24860 --- [stokr-lite] [pool-2-thread-1] com.stokr.engine.CandleFetchService      : Fetching candles: symbol=ITC, timeframe=1min, start=2026-03-26T00:00, end=2026-06-27T23:59:59
2026-06-28T22:05:48.231+05:30  INFO 24860 --- [stokr-lite] [pool-2-thread-4] com.stokr.engine.CandleFetchService      : Found 22716 candles in DB for SBIN/1min
2026-06-28T22:05:48.236+05:30  INFO 24860 --- [stokr-lite] [pool-2-thread-4] com.stokr.engine.CandleFetchService      : Fetching candles: symbol=KOTAKBANK, timeframe=1min, start=2026-03-26T00:00, end=2026-06-27T23:59:59
2026-06-28T22:05:48.334+05:30  INFO 24860 --- [stokr-lite] [pool-2-thread-2] com.stokr.engine.CandleFetchService      : Found 22716 candles in DB for TCS/1min
2026-06-28T22:05:48.334+05:30  INFO 24860 --- [stokr-lite] [pool-2-thread-2] com.stokr.engine.CandleFetchService      : Fetching candles: symbol=LT, timeframe=1min, start=2026-03-26T00:00, end=2026-06-27T23:59:59
2026-06-28T22:05:48.482+05:30  INFO 24860 --- [stokr-lite] [pool-2-thread-1] com.stokr.engine.CandleFetchService      : Found 22716 candles in DB for ITC/1min
2026-06-28T22:05:48.482+05:30  INFO 24860 --- [stokr-lite] [pool-2-thread-1] com.stokr.engine.CandleFetchService      : Fetching candles: symbol=HINDUNILVR, timeframe=1min, start=2026-03-26T00:00, end=2026-06-27T23:59:59
2026-06-28T22:05:49.051+05:30  INFO 24860 --- [stokr-lite] [pool-2-thread-3] com.stokr.engine.CandleFetchService      : Found 22716 candles in DB for BHARTIARTL/1min
2026-06-28T22:05:49.051+05:30  INFO 24860 --- [stokr-lite] [pool-2-thread-3] com.stokr.engine.CandleFetchService      : Fetching candles: symbol=AXISBANK, timeframe=1min, start=2026-03-26T00:00, end=2026-06-27T23:59:59
2026-06-28T22:05:50.556+05:30  INFO 24860 --- [stokr-lite] [pool-2-thread-1] com.stokr.engine.CandleFetchService      : Found 22716 candles in DB for HINDUNILVR/1min
2026-06-28T22:05:50.556+05:30  INFO 24860 --- [stokr-lite] [pool-2-thread-1] com.stokr.engine.CandleFetchService      : Fetching candles: symbol=MARUTI, timeframe=1min, start=2026-03-26T00:00, end=2026-06-27T23:59:59
2026-06-28T22:05:50.906+05:30  INFO 24860 --- [stokr-lite] [pool-2-thread-4] com.stokr.engine.CandleFetchService      : Found 22715 candles in DB for KOTAKBANK/1min
2026-06-28T22:05:50.906+05:30  INFO 24860 --- [stokr-lite] [pool-2-thread-4] com.stokr.engine.CandleFetchService      : Fetching candles: symbol=BAJFINANCE, timeframe=1min, start=2026-03-26T00:00, end=2026-06-27T23:59:59
2026-06-28T22:05:51.588+05:30  INFO 24860 --- [stokr-lite] [pool-2-thread-3] com.stokr.engine.CandleFetchService      : Found 22716 candles in DB for AXISBANK/1min
2026-06-28T22:05:51.592+05:30  INFO 24860 --- [stokr-lite] [pool-2-thread-3] com.stokr.engine.CandleFetchService      : Fetching candles: symbol=ASIANPAINT, timeframe=1min, start=2026-03-26T00:00, end=2026-06-27T23:59:59
2026-06-28T22:05:52.585+05:30  INFO 24860 --- [stokr-lite] [pool-2-thread-1] com.stokr.engine.CandleFetchService      : Found 22716 candles in DB for MARUTI/1min
2026-06-28T22:05:52.585+05:30  INFO 24860 --- [stokr-lite] [pool-2-thread-1] com.stokr.engine.CandleFetchService      : Fetching candles: symbol=SUNPHARMA, timeframe=1min, start=2026-03-26T00:00, end=2026-06-27T23:59:59
2026-06-28T22:05:53.170+05:30  INFO 24860 --- [stokr-lite] [pool-2-thread-4] com.stokr.engine.CandleFetchService      : Found 22716 candles in DB for BAJFINANCE/1min
2026-06-28T22:05:53.170+05:30  INFO 24860 --- [stokr-lite] [pool-2-thread-4] com.stokr.engine.CandleFetchService      : Fetching candles: symbol=TITAN, timeframe=1min, start=2026-03-26T00:00, end=2026-06-27T23:59:59
2026-06-28T22:05:53.934+05:30  INFO 24860 --- [stokr-lite] [pool-2-thread-3] com.stokr.engine.CandleFetchService      : Found 22716 candles in DB for ASIANPAINT/1min
2026-06-28T22:05:53.934+05:30  INFO 24860 --- [stokr-lite] [pool-2-thread-3] com.stokr.engine.CandleFetchService      : Fetching candles: symbol=ULTRACEMCO, timeframe=1min, start=2026-03-26T00:00, end=2026-06-27T23:59:59
2026-06-28T22:05:55.219+05:30  INFO 24860 --- [stokr-lite] [pool-2-thread-1] com.stokr.engine.CandleFetchService      : Found 22716 candles in DB for SUNPHARMA/1min
2026-06-28T22:05:55.219+05:30  INFO 24860 --- [stokr-lite] [pool-2-thread-1] com.stokr.engine.CandleFetchService      : Fetching candles: symbol=WIPRO, timeframe=1min, start=2026-03-26T00:00, end=2026-06-27T23:59:59
2026-06-28T22:05:55.299+05:30  INFO 24860 --- [stokr-lite] [pool-2-thread-2] com.stokr.engine.CandleFetchService      : Found 22716 candles in DB for LT/1min
2026-06-28T22:05:55.299+05:30  INFO 24860 --- [stokr-lite] [pool-2-thread-2] com.stokr.engine.CandleFetchService      : Fetching candles: symbol=HCLTECH, timeframe=1min, start=2026-03-26T00:00, end=2026-06-27T23:59:59
2026-06-28T22:05:55.773+05:30  INFO 24860 --- [stokr-lite] [pool-2-thread-4] com.stokr.engine.CandleFetchService      : Found 22716 candles in DB for TITAN/1min
2026-06-28T22:05:55.775+05:30  INFO 24860 --- [stokr-lite] [pool-2-thread-4] com.stokr.engine.CandleFetchService      : Fetching candles: symbol=TATAMOTORS, timeframe=1min, start=2026-03-26T00:00, end=2026-06-27T23:59:59
2026-06-28T22:05:55.843+05:30  INFO 24860 --- [stokr-lite] [pool-2-thread-3] com.stokr.engine.CandleFetchService      : Found 22716 candles in DB for ULTRACEMCO/1min
2026-06-28T22:05:55.845+05:30  INFO 24860 --- [stokr-lite] [pool-2-thread-3] com.stokr.engine.CandleFetchService      : Fetching candles: symbol=ONGC, timeframe=1min, start=2026-03-26T00:00, end=2026-06-27T23:59:59
2026-06-28T22:05:57.455+05:30  INFO 24860 --- [stokr-lite] [pool-2-thread-3] com.stokr.engine.CandleFetchService      : Found 22716 candles in DB for ONGC/1min
2026-06-28T22:05:57.460+05:30  INFO 24860 --- [stokr-lite] [pool-2-thread-3] com.stokr.engine.CandleFetchService      : Fetching candles: symbol=NTPC, timeframe=1min, start=2026-03-26T00:00, end=2026-06-27T23:59:59
2026-06-28T22:05:57.918+05:30  INFO 24860 --- [stokr-lite] [pool-2-thread-1] com.stokr.engine.CandleFetchService      : Found 22716 candles in DB for WIPRO/1min
2026-06-28T22:05:57.918+05:30  INFO 24860 --- [stokr-lite] [pool-2-thread-1] com.stokr.engine.CandleFetchService      : Fetching candles: symbol=POWERGRID, timeframe=1min, start=2026-03-26T00:00, end=2026-06-27T23:59:59
2026-06-28T22:05:58.562+05:30  INFO 24860 --- [stokr-lite] [pool-2-thread-4] com.stokr.engine.CandleFetchService      : Found 22500 candles in DB for TATAMOTORS/1min
2026-06-28T22:05:58.562+05:30  INFO 24860 --- [stokr-lite] [pool-2-thread-4] com.stokr.engine.CandleFetchService      : Fetching candles: symbol=ADANIPORTS, timeframe=1min, start=2026-03-26T00:00, end=2026-06-27T23:59:59
2026-06-28T22:05:59.850+05:30  INFO 24860 --- [stokr-lite] [pool-2-thread-3] com.stokr.engine.CandleFetchService      : Found 22716 candles in DB for NTPC/1min
2026-06-28T22:05:59.850+05:30  INFO 24860 --- [stokr-lite] [pool-2-thread-3] com.stokr.engine.CandleFetchService      : Fetching candles: symbol=JSWSTEEL, timeframe=1min, start=2026-03-26T00:00, end=2026-06-27T23:59:59
2026-06-28T22:06:01.533+05:30  INFO 24860 --- [stokr-lite] [pool-2-thread-2] com.stokr.engine.CandleFetchService      : Found 22716 candles in DB for HCLTECH/1min
2026-06-28T22:06:01.533+05:30  INFO 24860 --- [stokr-lite] [pool-2-thread-2] com.stokr.engine.CandleFetchService      : Fetching candles: symbol=TATASTEEL, timeframe=1min, start=2026-03-26T00:00, end=2026-06-27T23:59:59
2026-06-28T22:06:01.613+05:30  INFO 24860 --- [stokr-lite] [pool-2-thread-4] com.stokr.engine.CandleFetchService      : Found 22716 candles in DB for ADANIPORTS/1min
2026-06-28T22:06:01.613+05:30  INFO 24860 --- [stokr-lite] [pool-2-thread-4] com.stokr.engine.CandleFetchService      : Fetching candles: symbol=COALINDIA, timeframe=1min, start=2026-03-26T00:00, end=2026-06-27T23:59:59
2026-06-28T22:06:02.028+05:30  INFO 24860 --- [stokr-lite] [pool-2-thread-3] com.stokr.engine.CandleFetchService      : Found 22716 candles in DB for JSWSTEEL/1min
2026-06-28T22:06:02.028+05:30  INFO 24860 --- [stokr-lite] [pool-2-thread-3] com.stokr.engine.CandleFetchService      : Fetching candles: symbol=M&M, timeframe=1min, start=2026-03-26T00:00, end=2026-06-27T23:59:59
2026-06-28T22:06:02.542+05:30  INFO 24860 --- [stokr-lite] [pool-2-thread-1] com.stokr.engine.CandleFetchService      : Found 22716 candles in DB for POWERGRID/1min
2026-06-28T22:06:02.544+05:30  INFO 24860 --- [stokr-lite] [pool-2-thread-1] com.stokr.engine.CandleFetchService      : Fetching candles: symbol=TECHM, timeframe=1min, start=2026-03-26T00:00, end=2026-06-27T23:59:59
2026-06-28T22:06:04.187+05:30  INFO 24860 --- [stokr-lite] [pool-2-thread-3] com.stokr.engine.CandleFetchService      : Found 22500 candles in DB for M&M/1min
2026-06-28T22:06:04.187+05:30  INFO 24860 --- [stokr-lite] [pool-2-thread-3] com.stokr.engine.CandleFetchService      : Fetching candles: symbol=ADANIENT, timeframe=1min, start=2026-03-26T00:00, end=2026-06-27T23:59:59
2026-06-28T22:06:04.342+05:30  INFO 24860 --- [stokr-lite] [pool-2-thread-4] com.stokr.engine.CandleFetchService      : Found 22716 candles in DB for COALINDIA/1min
2026-06-28T22:06:04.342+05:30  INFO 24860 --- [stokr-lite] [pool-2-thread-4] com.stokr.engine.CandleFetchService      : Fetching candles: symbol=GRASIM, timeframe=1min, start=2026-03-26T00:00, end=2026-06-27T23:59:59
2026-06-28T22:06:05.899+05:30  INFO 24860 --- [stokr-lite] [pool-2-thread-2] com.stokr.engine.CandleFetchService      : Found 22716 candles in DB for TATASTEEL/1min
2026-06-28T22:06:05.899+05:30  INFO 24860 --- [stokr-lite] [pool-2-thread-2] com.stokr.engine.CandleFetchService      : Fetching candles: symbol=BAJAJFINSV, timeframe=1min, start=2026-03-26T00:00, end=2026-06-27T23:59:59
2026-06-28T22:06:06.301+05:30  INFO 24860 --- [stokr-lite] [pool-2-thread-1] com.stokr.engine.CandleFetchService      : Found 22716 candles in DB for TECHM/1min
2026-06-28T22:06:06.301+05:30  INFO 24860 --- [stokr-lite] [pool-2-thread-1] com.stokr.engine.CandleFetchService      : Fetching candles: symbol=CIPLA, timeframe=1min, start=2026-03-26T00:00, end=2026-06-27T23:59:59
2026-06-28T22:06:06.528+05:30  INFO 24860 --- [stokr-lite] [pool-2-thread-3] com.stokr.engine.CandleFetchService      : Found 22716 candles in DB for ADANIENT/1min
2026-06-28T22:06:06.528+05:30  INFO 24860 --- [stokr-lite] [pool-2-thread-3] com.stokr.engine.CandleFetchService      : Fetching candles: symbol=NESTLEIND, timeframe=1min, start=2026-03-26T00:00, end=2026-06-27T23:59:59
2026-06-28T22:06:06.961+05:30  INFO 24860 --- [stokr-lite] [pool-2-thread-4] com.stokr.engine.CandleFetchService      : Found 22716 candles in DB for GRASIM/1min
2026-06-28T22:06:06.961+05:30  INFO 24860 --- [stokr-lite] [pool-2-thread-4] com.stokr.engine.CandleFetchService      : Fetching candles: symbol=DRREDDY, timeframe=1min, start=2026-03-26T00:00, end=2026-06-27T23:59:59
2026-06-28T22:06:08.201+05:30  INFO 24860 --- [stokr-lite] [pool-2-thread-2] com.stokr.engine.CandleFetchService      : Found 22716 candles in DB for BAJAJFINSV/1min
2026-06-28T22:06:08.201+05:30  INFO 24860 --- [stokr-lite] [pool-2-thread-2] com.stokr.engine.CandleFetchService      : Fetching candles: symbol=DIVISLAB, timeframe=1min, start=2026-03-26T00:00, end=2026-06-27T23:59:59
2026-06-28T22:06:08.600+05:30  INFO 24860 --- [stokr-lite] [pool-2-thread-1] com.stokr.engine.CandleFetchService      : Found 22716 candles in DB for CIPLA/1min
2026-06-28T22:06:08.600+05:30  INFO 24860 --- [stokr-lite] [pool-2-thread-1] com.stokr.engine.CandleFetchService      : Fetching candles: symbol=APOLLOHOSP, timeframe=1min, start=2026-03-26T00:00, end=2026-06-27T23:59:59
2026-06-28T22:06:08.784+05:30  INFO 24860 --- [stokr-lite] [pool-2-thread-3] com.stokr.engine.CandleFetchService      : Found 22716 candles in DB for NESTLEIND/1min
2026-06-28T22:06:08.784+05:30  INFO 24860 --- [stokr-lite] [pool-2-thread-3] com.stokr.engine.CandleFetchService      : Fetching candles: symbol=EICHERMOT, timeframe=1min, start=2026-03-26T00:00, end=2026-06-27T23:59:59
2026-06-28T22:06:09.352+05:30  INFO 24860 --- [stokr-lite] [pool-2-thread-4] com.stokr.engine.CandleFetchService      : Found 22716 candles in DB for DRREDDY/1min
2026-06-28T22:06:09.352+05:30  INFO 24860 --- [stokr-lite] [pool-2-thread-4] com.stokr.engine.CandleFetchService      : Fetching candles: symbol=BRITANNIA, timeframe=1min, start=2026-03-26T00:00, end=2026-06-27T23:59:59
2026-06-28T22:06:11.308+05:30  INFO 24860 --- [stokr-lite] [pool-2-thread-2] com.stokr.engine.CandleFetchService      : Found 22716 candles in DB for DIVISLAB/1min
2026-06-28T22:06:11.308+05:30  INFO 24860 --- [stokr-lite] [pool-2-thread-2] com.stokr.engine.CandleFetchService      : Fetching candles: symbol=HEROMOTOCO, timeframe=1min, start=2026-03-26T00:00, end=2026-06-27T23:59:59
2026-06-28T22:06:11.501+05:30  INFO 24860 --- [stokr-lite] [pool-2-thread-1] com.stokr.engine.CandleFetchService      : Found 22715 candles in DB for APOLLOHOSP/1min
2026-06-28T22:06:11.501+05:30  INFO 24860 --- [stokr-lite] [pool-2-thread-1] com.stokr.engine.CandleFetchService      : Fetching candles: symbol=BPCL, timeframe=1min, start=2026-03-26T00:00, end=2026-06-27T23:59:59
2026-06-28T22:06:12.176+05:30  INFO 24860 --- [stokr-lite] [pool-2-thread-4] com.stokr.engine.CandleFetchService      : Found 22716 candles in DB for BRITANNIA/1min
2026-06-28T22:06:12.176+05:30  INFO 24860 --- [stokr-lite] [pool-2-thread-4] com.stokr.engine.CandleFetchService      : Fetching candles: symbol=INDUSINDBK, timeframe=1min, start=2026-03-26T00:00, end=2026-06-27T23:59:59
2026-06-28T22:06:13.350+05:30  INFO 24860 --- [stokr-lite] [pool-2-thread-3] com.stokr.engine.CandleFetchService      : Found 22717 candles in DB for EICHERMOT/1min
2026-06-28T22:06:13.350+05:30  INFO 24860 --- [stokr-lite] [pool-2-thread-3] com.stokr.engine.CandleFetchService      : Fetching candles: symbol=HDFCLIFE, timeframe=1min, start=2026-03-26T00:00, end=2026-06-27T23:59:59
2026-06-28T22:06:14.088+05:30  INFO 24860 --- [stokr-lite] [pool-2-thread-1] com.stokr.engine.CandleFetchService      : Found 22716 candles in DB for BPCL/1min
2026-06-28T22:06:14.088+05:30  INFO 24860 --- [stokr-lite] [pool-2-thread-1] com.stokr.engine.CandleFetchService      : Fetching candles: symbol=SBILIFE, timeframe=1min, start=2026-03-26T00:00, end=2026-06-27T23:59:59
2026-06-28T22:06:14.489+05:30  INFO 24860 --- [stokr-lite] [pool-2-thread-2] com.stokr.engine.CandleFetchService      : Found 22717 candles in DB for HEROMOTOCO/1min
2026-06-28T22:06:14.492+05:30  INFO 24860 --- [stokr-lite] [pool-2-thread-2] com.stokr.engine.CandleFetchService      : Fetching candles: symbol=TATACONSUM, timeframe=1min, start=2026-03-26T00:00, end=2026-06-27T23:59:59
2026-06-28T22:06:14.825+05:30  INFO 24860 --- [stokr-lite] [pool-2-thread-4] com.stokr.engine.CandleFetchService      : Found 22716 candles in DB for INDUSINDBK/1min
2026-06-28T22:06:14.825+05:30  INFO 24860 --- [stokr-lite] [pool-2-thread-4] com.stokr.engine.CandleFetchService      : Fetching candles: symbol=UPL, timeframe=1min, start=2026-03-26T00:00, end=2026-06-27T23:59:59
2026-06-28T22:06:16.592+05:30  INFO 24860 --- [stokr-lite] [pool-2-thread-1] com.stokr.engine.CandleFetchService      : Found 22716 candles in DB for SBILIFE/1min
2026-06-28T22:06:16.597+05:30  INFO 24860 --- [stokr-lite] [pool-2-thread-1] com.stokr.engine.CandleFetchService      : Fetching candles: symbol=MCDOWELL, timeframe=1min, start=2026-03-26T00:00, end=2026-06-27T23:59:59
2026-06-28T22:06:16.982+05:30  INFO 24860 --- [stokr-lite] [pool-2-thread-3] com.stokr.engine.CandleFetchService      : Found 22715 candles in DB for HDFCLIFE/1min
2026-06-28T22:06:16.982+05:30  INFO 24860 --- [stokr-lite] [pool-2-thread-3] com.stokr.engine.CandleFetchService      : Fetching candles: symbol=HINDALCO, timeframe=1min, start=2026-03-26T00:00, end=2026-06-27T23:59:59
2026-06-28T22:06:17.550+05:30  INFO 24860 --- [stokr-lite] [pool-2-thread-4] com.stokr.engine.CandleFetchService      : Found 22715 candles in DB for UPL/1min
2026-06-28T22:06:17.552+05:30  INFO 24860 --- [stokr-lite] [pool-2-thread-4] com.stokr.engine.CandleFetchService      : Fetching candles: symbol=BAJAJ-AUTO, timeframe=1min, start=2026-03-26T00:00, end=2026-06-27T23:59:59
2026-06-28T22:06:17.698+05:30  INFO 24860 --- [stokr-lite] [pool-2-thread-2] com.stokr.engine.CandleFetchService      : Found 22716 candles in DB for TATACONSUM/1min
2026-06-28T22:06:17.698+05:30  INFO 24860 --- [stokr-lite] [pool-2-thread-2] com.stokr.engine.CandleFetchService      : Fetching candles: symbol=PIDILITIND, timeframe=1min, start=2026-03-26T00:00, end=2026-06-27T23:59:59
2026-06-28T22:06:19.128+05:30  INFO 24860 --- [stokr-lite] [pool-2-thread-1] com.stokr.engine.CandleFetchService      : Found 22500 candles in DB for MCDOWELL/1min
2026-06-28T22:06:19.128+05:30  INFO 24860 --- [stokr-lite] [pool-2-thread-1] com.stokr.engine.CandleFetchService      : Fetching candles: symbol=SIEMENS, timeframe=1min, start=2026-03-26T00:00, end=2026-06-27T23:59:59
2026-06-28T22:06:19.821+05:30  INFO 24860 --- [stokr-lite] [pool-2-thread-3] com.stokr.engine.CandleFetchService      : Found 22716 candles in DB for HINDALCO/1min
2026-06-28T22:06:19.821+05:30  INFO 24860 --- [stokr-lite] [pool-2-thread-3] com.stokr.engine.CandleFetchService      : Fetching candles: symbol=DABUR, timeframe=1min, start=2026-03-26T00:00, end=2026-06-27T23:59:59
2026-06-28T22:06:20.195+05:30  INFO 24860 --- [stokr-lite] [pool-2-thread-4] com.stokr.engine.CandleFetchService      : Found 22716 candles in DB for BAJAJ-AUTO/1min
2026-06-28T22:06:20.195+05:30  INFO 24860 --- [stokr-lite] [pool-2-thread-4] com.stokr.engine.CandleFetchService      : Fetching candles: symbol=GODREJCP, timeframe=1min, start=2026-03-26T00:00, end=2026-06-27T23:59:59
2026-06-28T22:06:20.299+05:30  INFO 24860 --- [stokr-lite] [pool-2-thread-2] com.stokr.engine.CandleFetchService      : Found 22717 candles in DB for PIDILITIND/1min
2026-06-28T22:06:20.299+05:30  INFO 24860 --- [stokr-lite] [pool-2-thread-2] com.stokr.engine.CandleFetchService      : Fetching candles: symbol=HAVELLS, timeframe=1min, start=2026-03-26T00:00, end=2026-06-27T23:59:59
2026-06-28T22:06:20.989+05:30  INFO 24860 --- [stokr-lite] [pool-2-thread-1] com.stokr.engine.CandleFetchService      : Found 22716 candles in DB for SIEMENS/1min
2026-06-28T22:06:20.989+05:30  INFO 24860 --- [stokr-lite] [pool-2-thread-1] com.stokr.engine.CandleFetchService      : Fetching candles: symbol=BERGEPAINT, timeframe=1min, start=2026-03-26T00:00, end=2026-06-27T23:59:59
2026-06-28T22:06:21.779+05:30  INFO 24860 --- [stokr-lite] [pool-2-thread-3] com.stokr.engine.CandleFetchService      : Found 22715 candles in DB for DABUR/1min
2026-06-28T22:06:21.779+05:30  INFO 24860 --- [stokr-lite] [pool-2-thread-3] com.stokr.engine.CandleFetchService      : Fetching candles: symbol=DMART, timeframe=1min, start=2026-03-26T00:00, end=2026-06-27T23:59:59
2026-06-28T22:06:23.067+05:30  INFO 24860 --- [stokr-lite] [pool-2-thread-2] com.stokr.engine.CandleFetchService      : Found 22715 candles in DB for HAVELLS/1min
2026-06-28T22:06:23.067+05:30  INFO 24860 --- [stokr-lite] [pool-2-thread-2] com.stokr.engine.CandleFetchService      : Fetching candles: symbol=TRENT, timeframe=1min, start=2026-03-26T00:00, end=2026-06-27T23:59:59
2026-06-28T22:06:23.718+05:30  INFO 24860 --- [stokr-lite] [pool-2-thread-1] com.stokr.engine.CandleFetchService      : Found 22712 candles in DB for BERGEPAINT/1min
2026-06-28T22:06:23.718+05:30  INFO 24860 --- [stokr-lite] [pool-2-thread-1] com.stokr.engine.CandleFetchService      : Fetching candles: symbol=IRCTC, timeframe=1min, start=2026-03-26T00:00, end=2026-06-27T23:59:59
2026-06-28T22:06:24.275+05:30  INFO 24860 --- [stokr-lite] [pool-2-thread-3] com.stokr.engine.CandleFetchService      : Found 22716 candles in DB for DMART/1min
2026-06-28T22:06:24.278+05:30  INFO 24860 --- [stokr-lite] [pool-2-thread-3] com.stokr.engine.CandleFetchService      : Fetching candles: symbol=ZOMATO, timeframe=1min, start=2026-03-26T00:00, end=2026-06-27T23:59:59
2026-06-28T22:06:25.240+05:30  INFO 24860 --- [stokr-lite] [pool-2-thread-4] com.stokr.engine.CandleFetchService      : Found 22716 candles in DB for GODREJCP/1min
2026-06-28T22:06:25.240+05:30  INFO 24860 --- [stokr-lite] [pool-2-thread-4] com.stokr.engine.CandleFetchService      : Fetching candles: symbol=POLYCAB, timeframe=1min, start=2026-03-26T00:00, end=2026-06-27T23:59:59
2026-06-28T22:06:26.327+05:30  INFO 24860 --- [stokr-lite] [pool-2-thread-2] com.stokr.engine.CandleFetchService      : Found 22716 candles in DB for TRENT/1min
2026-06-28T22:06:26.327+05:30  INFO 24860 --- [stokr-lite] [pool-2-thread-2] com.stokr.engine.CandleFetchService      : Fetching candles: symbol=HAL, timeframe=1min, start=2026-03-26T00:00, end=2026-06-27T23:59:59
2026-06-28T22:06:27.116+05:30  INFO 24860 --- [stokr-lite] [pool-2-thread-3] com.stokr.engine.CandleFetchService      : Found 22500 candles in DB for ZOMATO/1min
2026-06-28T22:06:27.116+05:30  INFO 24860 --- [stokr-lite] [pool-2-thread-3] com.stokr.engine.CandleFetchService      : Fetching candles: symbol=LICI, timeframe=1min, start=2026-03-26T00:00, end=2026-06-27T23:59:59
2026-06-28T22:06:27.135+05:30  INFO 24860 --- [stokr-lite] [pool-2-thread-1] com.stokr.engine.CandleFetchService      : Found 22716 candles in DB for IRCTC/1min
2026-06-28T22:06:27.135+05:30  INFO 24860 --- [stokr-lite] [pool-2-thread-1] com.stokr.engine.CandleFetchService      : Fetching candles: symbol=IOB, timeframe=1min, start=2026-03-26T00:00, end=2026-06-27T23:59:59
2026-06-28T22:06:29.268+05:30  INFO 24860 --- [stokr-lite] [pool-2-thread-2] com.stokr.engine.CandleFetchService      : Found 22500 candles in DB for HAL/1min
2026-06-28T22:06:29.268+05:30  INFO 24860 --- [stokr-lite] [pool-2-thread-2] com.stokr.engine.CandleFetchService      : Fetching candles: symbol=CANBK, timeframe=1min, start=2026-03-26T00:00, end=2026-06-27T23:59:59
2026-06-28T22:06:29.609+05:30  INFO 24860 --- [stokr-lite] [pool-2-thread-1] com.stokr.engine.CandleFetchService      : Found 22500 candles in DB for IOB/1min
2026-06-28T22:06:29.609+05:30  INFO 24860 --- [stokr-lite] [pool-2-thread-1] com.stokr.engine.CandleFetchService      : Fetching candles: symbol=ABB, timeframe=1min, start=2026-03-26T00:00, end=2026-06-27T23:59:59
2026-06-28T22:06:29.700+05:30  INFO 24860 --- [stokr-lite] [pool-2-thread-4] com.stokr.engine.CandleFetchService      : Found 22716 candles in DB for POLYCAB/1min
2026-06-28T22:06:29.708+05:30  INFO 24860 --- [stokr-lite] [pool-2-thread-4] com.stokr.engine.CandleFetchService      : Fetching candles: symbol=AMBUJACEM, timeframe=1min, start=2026-03-26T00:00, end=2026-06-27T23:59:59
2026-06-28T22:06:30.020+05:30  INFO 24860 --- [stokr-lite] [pool-2-thread-3] com.stokr.engine.CandleFetchService      : Found 22716 candles in DB for LICI/1min
2026-06-28T22:06:30.020+05:30  INFO 24860 --- [stokr-lite] [pool-2-thread-3] com.stokr.engine.CandleFetchService      : Fetching candles: symbol=AUROPHARMA, timeframe=1min, start=2026-03-26T00:00, end=2026-06-27T23:59:59
2026-06-28T22:06:31.928+05:30  INFO 24860 --- [stokr-lite] [pool-2-thread-2] com.stokr.engine.CandleFetchService      : Found 22716 candles in DB for CANBK/1min
2026-06-28T22:06:31.930+05:30  INFO 24860 --- [stokr-lite] [pool-2-thread-2] com.stokr.engine.CandleFetchService      : Fetching candles: symbol=BANKBARODA, timeframe=1min, start=2026-03-26T00:00, end=2026-06-27T23:59:59
2026-06-28T22:06:31.952+05:30  INFO 24860 --- [stokr-lite] [pool-2-thread-1] com.stokr.engine.CandleFetchService      : Found 22358 candles in DB for ABB/1min
2026-06-28T22:06:31.952+05:30  INFO 24860 --- [stokr-lite] [pool-2-thread-1] com.stokr.engine.CandleFetchService      : Fetching candles: symbol=BEL, timeframe=1min, start=2026-03-26T00:00, end=2026-06-27T23:59:59
2026-06-28T22:06:32.273+05:30  INFO 24860 --- [stokr-lite] [pool-2-thread-4] com.stokr.engine.CandleFetchService      : Found 22715 candles in DB for AMBUJACEM/1min
2026-06-28T22:06:32.273+05:30  INFO 24860 --- [stokr-lite] [pool-2-thread-4] com.stokr.engine.CandleFetchService      : Fetching candles: symbol=BOSCHLTD, timeframe=1min, start=2026-03-26T00:00, end=2026-06-27T23:59:59
2026-06-28T22:06:32.956+05:30  INFO 24860 --- [stokr-lite] [pool-2-thread-3] com.stokr.engine.CandleFetchService      : Found 22360 candles in DB for AUROPHARMA/1min
2026-06-28T22:06:32.956+05:30  INFO 24860 --- [stokr-lite] [pool-2-thread-3] com.stokr.engine.CandleFetchService      : Fetching candles: symbol=CHOLAFIN, timeframe=1min, start=2026-03-26T00:00, end=2026-06-27T23:59:59
2026-06-28T22:06:34.010+05:30  INFO 24860 --- [stokr-lite] [pool-2-thread-1] com.stokr.engine.CandleFetchService      : Found 22716 candles in DB for BEL/1min
2026-06-28T22:06:34.010+05:30  INFO 24860 --- [stokr-lite] [pool-2-thread-1] com.stokr.engine.CandleFetchService      : Fetching candles: symbol=COLPAL, timeframe=1min, start=2026-03-26T00:00, end=2026-06-27T23:59:59
2026-06-28T22:06:34.042+05:30  INFO 24860 --- [stokr-lite] [pool-2-thread-4] com.stokr.engine.CandleFetchService      : Found 22359 candles in DB for BOSCHLTD/1min
2026-06-28T22:06:34.042+05:30  INFO 24860 --- [stokr-lite] [pool-2-thread-4] com.stokr.engine.CandleFetchService      : Fetching candles: symbol=DLF, timeframe=1min, start=2026-03-26T00:00, end=2026-06-27T23:59:59
2026-06-28T22:06:35.235+05:30  INFO 24860 --- [stokr-lite] [pool-2-thread-2] com.stokr.engine.CandleFetchService      : Found 22715 candles in DB for BANKBARODA/1min
2026-06-28T22:06:35.237+05:30  INFO 24860 --- [stokr-lite] [pool-2-thread-2] com.stokr.engine.CandleFetchService      : Fetching candles: symbol=GAIL, timeframe=1min, start=2026-03-26T00:00, end=2026-06-27T23:59:59
2026-06-28T22:06:35.827+05:30  INFO 24860 --- [stokr-lite] [pool-2-thread-1] com.stokr.engine.CandleFetchService      : Found 22715 candles in DB for COLPAL/1min
2026-06-28T22:06:35.827+05:30  INFO 24860 --- [stokr-lite] [pool-2-thread-1] com.stokr.engine.CandleFetchService      : Fetching candles: symbol=GODREJPROP, timeframe=1min, start=2026-03-26T00:00, end=2026-06-27T23:59:59
2026-06-28T22:06:35.982+05:30  INFO 24860 --- [stokr-lite] [pool-2-thread-4] com.stokr.engine.CandleFetchService      : Found 22716 candles in DB for DLF/1min
2026-06-28T22:06:35.982+05:30  INFO 24860 --- [stokr-lite] [pool-2-thread-4] com.stokr.engine.CandleFetchService      : Fetching candles: symbol=ICICIPRULI, timeframe=1min, start=2026-03-26T00:00, end=2026-06-27T23:59:59
2026-06-28T22:06:37.115+05:30  INFO 24860 --- [stokr-lite] [pool-2-thread-3] com.stokr.engine.CandleFetchService      : Found 22714 candles in DB for CHOLAFIN/1min
2026-06-28T22:06:37.116+05:30  INFO 24860 --- [stokr-lite] [pool-2-thread-3] com.stokr.engine.CandleFetchService      : Fetching candles: symbol=INDHOTEL, timeframe=1min, start=2026-03-26T00:00, end=2026-06-27T23:59:59
2026-06-28T22:06:37.832+05:30  INFO 24860 --- [stokr-lite] [pool-2-thread-1] com.stokr.engine.CandleFetchService      : Found 22716 candles in DB for GODREJPROP/1min
2026-06-28T22:06:37.832+05:30  INFO 24860 --- [stokr-lite] [pool-2-thread-1] com.stokr.engine.CandleFetchService      : Fetching candles: symbol=IOC, timeframe=1min, start=2026-03-26T00:00, end=2026-06-27T23:59:59
2026-06-28T22:06:38.487+05:30  INFO 24860 --- [stokr-lite] [pool-2-thread-4] com.stokr.engine.CandleFetchService      : Found 22360 candles in DB for ICICIPRULI/1min
2026-06-28T22:06:38.487+05:30  INFO 24860 --- [stokr-lite] [pool-2-thread-4] com.stokr.engine.CandleFetchService      : Fetching candles: symbol=JIOFIN, timeframe=1min, start=2026-03-26T00:00, end=2026-06-27T23:59:59
2026-06-28T22:06:40.959+05:30  INFO 24860 --- [stokr-lite] [pool-2-thread-1] com.stokr.engine.CandleFetchService      : Found 22716 candles in DB for IOC/1min
2026-06-28T22:06:40.961+05:30  INFO 24860 --- [stokr-lite] [pool-2-thread-1] com.stokr.engine.CandleFetchService      : Fetching candles: symbol=LTIMINDTREE, timeframe=1min, start=2026-03-26T00:00, end=2026-06-27T23:59:59
2026-06-28T22:06:41.034+05:30  INFO 24860 --- [stokr-lite] [pool-2-thread-2] com.stokr.engine.CandleFetchService      : Found 22715 candles in DB for GAIL/1min
2026-06-28T22:06:41.034+05:30  INFO 24860 --- [stokr-lite] [pool-2-thread-2] com.stokr.engine.CandleFetchService      : Fetching candles: symbol=LUPIN, timeframe=1min, start=2026-03-26T00:00, end=2026-06-27T23:59:59
2026-06-28T22:06:42.001+05:30  INFO 24860 --- [stokr-lite] [pool-2-thread-1] com.stokr.engine.CandleFetchService      : No candles in DB for any timeframe, fetching from external sources...
2026-06-28T22:06:42.001+05:30  INFO 24860 --- [stokr-lite] [pool-2-thread-1] c.stokr.external.ChartinkCandleService   : Fetching candles from Chartink: symbol=LTIMINDTREE, timeframe=1min, start=2026-03-26T00:00, end=2026-06-27T23:59:59
2026-06-28T22:06:42.001+05:30  WARN 24860 --- [stokr-lite] [pool-2-thread-1] c.stokr.external.ChartinkCandleService   : Chartink integration not configured - no API key available
2026-06-28T22:06:42.001+05:30  INFO 24860 --- [stokr-lite] [pool-2-thread-1] c.stokr.external.ZerodhaCandleService    : Fetching candles from Zerodha: symbol=LTIMINDTREE, timeframe=1min, start=2026-03-26T00:00, end=2026-06-27T23:59:59
2026-06-28T22:06:42.320+05:30  INFO 24860 --- [stokr-lite] [pool-2-thread-3] com.stokr.engine.CandleFetchService      : Found 22715 candles in DB for INDHOTEL/1min
2026-06-28T22:06:42.320+05:30  INFO 24860 --- [stokr-lite] [pool-2-thread-3] com.stokr.engine.CandleFetchService      : Fetching candles: symbol=MAXHEALTH, timeframe=1min, start=2026-03-26T00:00, end=2026-06-27T23:59:59
2026-06-28T22:06:42.870+05:30 ERROR 24860 --- [stokr-lite] [pool-2-thread-1] c.stokr.external.ZerodhaCandleService    : Failed to fetch candles from Zerodha: 400 Bad Request on GET request for "https://api.kite.trade/instruments/historical/3316481/minute": "{"status":"error","message":"empty `api_key` or `access_token`","data":null,"error_type":"InputException"}"
2026-06-28T22:06:42.870+05:30 ERROR 24860 --- [stokr-lite] [pool-2-thread-1] com.stokr.external.ZerodhaTokenManager   : No refresh token available
2026-06-28T22:06:42.870+05:30  WARN 24860 --- [stokr-lite] [pool-2-thread-1] com.stokr.engine.CandleFetchService      : Could not fetch candles from any source, returning empty list
2026-06-28T22:06:42.870+05:30  INFO 24860 --- [stokr-lite] [pool-2-thread-1] com.stokr.engine.CandleFetchService      : Fetching candles: symbol=NAUKRI, timeframe=1min, start=2026-03-26T00:00, end=2026-06-27T23:59:59
2026-06-28T22:06:42.911+05:30  INFO 24860 --- [stokr-lite] [pool-2-thread-4] com.stokr.engine.CandleFetchService      : Found 22125 candles in DB for JIOFIN/1min
2026-06-28T22:06:42.913+05:30  INFO 24860 --- [stokr-lite] [pool-2-thread-4] com.stokr.engine.CandleFetchService      : Fetching candles: symbol=NHPC, timeframe=1min, start=2026-03-26T00:00, end=2026-06-27T23:59:59
2026-06-28T22:06:44.437+05:30  INFO 24860 --- [stokr-lite] [pool-2-thread-2] com.stokr.engine.CandleFetchService      : Found 22714 candles in DB for LUPIN/1min
2026-06-28T22:06:44.437+05:30  INFO 24860 --- [stokr-lite] [pool-2-thread-2] com.stokr.engine.CandleFetchService      : Fetching candles: symbol=OFSS, timeframe=1min, start=2026-03-26T00:00, end=2026-06-27T23:59:59
2026-06-28T22:06:44.869+05:30  INFO 24860 --- [stokr-lite] [pool-2-thread-3] com.stokr.engine.CandleFetchService      : Found 22125 candles in DB for MAXHEALTH/1min
2026-06-28T22:06:44.869+05:30  INFO 24860 --- [stokr-lite] [pool-2-thread-3] com.stokr.engine.CandleFetchService      : Fetching candles: symbol=PAGEIND, timeframe=1min, start=2026-03-26T00:00, end=2026-06-27T23:59:59
2026-06-28T22:06:46.840+05:30  INFO 24860 --- [stokr-lite] [pool-2-thread-1] com.stokr.engine.CandleFetchService      : Found 22491 candles in DB for NAUKRI/1min
2026-06-28T22:06:46.847+05:30  INFO 24860 --- [stokr-lite] [pool-2-thread-1] com.stokr.engine.CandleFetchService      : Fetching candles: symbol=PFC, timeframe=1min, start=2026-03-26T00:00, end=2026-06-27T23:59:59
2026-06-28T22:06:47.054+05:30  INFO 24860 --- [stokr-lite] [pool-2-thread-4] com.stokr.engine.CandleFetchService      : Found 22500 candles in DB for NHPC/1min
2026-06-28T22:06:47.054+05:30  INFO 24860 --- [stokr-lite] [pool-2-thread-4] com.stokr.engine.CandleFetchService      : Fetching candles: symbol=RECLTD, timeframe=1min, start=2026-03-26T00:00, end=2026-06-27T23:59:59
2026-06-28T22:06:47.099+05:30  INFO 24860 --- [stokr-lite] [pool-2-thread-3] com.stokr.engine.CandleFetchService      : Found 22715 candles in DB for PAGEIND/1min
2026-06-28T22:06:47.101+05:30  INFO 24860 --- [stokr-lite] [pool-2-thread-3] com.stokr.engine.CandleFetchService      : Fetching candles: symbol=SHRIRAMFIN, timeframe=1min, start=2026-03-26T00:00, end=2026-06-27T23:59:59
2026-06-28T22:06:47.348+05:30  INFO 24860 --- [stokr-lite] [pool-2-thread-2] com.stokr.engine.CandleFetchService      : Found 22716 candles in DB for OFSS/1min
2026-06-28T22:06:47.352+05:30  INFO 24860 --- [stokr-lite] [pool-2-thread-2] com.stokr.engine.CandleFetchService      : Fetching candles: symbol=SRF, timeframe=1min, start=2026-03-26T00:00, end=2026-06-27T23:59:59
2026-06-28T22:06:48.758+05:30  INFO 24860 --- [stokr-lite] [pool-2-thread-3] com.stokr.engine.CandleFetchService      : Found 22340 candles in DB for SHRIRAMFIN/1min
2026-06-28T22:06:48.758+05:30  INFO 24860 --- [stokr-lite] [pool-2-thread-3] com.stokr.engine.CandleFetchService      : Fetching candles: symbol=TATAELXSI, timeframe=1min, start=2026-03-26T00:00, end=2026-06-27T23:59:59
2026-06-28T22:06:49.875+05:30  INFO 24860 --- [stokr-lite] [pool-2-thread-1] com.stokr.engine.CandleFetchService      : Found 21750 candles in DB for PFC/1min
2026-06-28T22:06:49.875+05:30  INFO 24860 --- [stokr-lite] [pool-2-thread-1] com.stokr.engine.CandleFetchService      : Fetching candles: symbol=TATAPOWER, timeframe=1min, start=2026-03-26T00:00, end=2026-06-27T23:59:59
2026-06-28T22:06:50.298+05:30  INFO 24860 --- [stokr-lite] [pool-2-thread-2] com.stokr.engine.CandleFetchService      : Found 22359 candles in DB for SRF/1min
2026-06-28T22:06:50.298+05:30  INFO 24860 --- [stokr-lite] [pool-2-thread-2] com.stokr.engine.CandleFetchService      : Fetching candles: symbol=TORNTPHARM, timeframe=1min, start=2026-03-26T00:00, end=2026-06-27T23:59:59
2026-06-28T22:06:50.782+05:30  INFO 24860 --- [stokr-lite] [pool-2-thread-3] com.stokr.engine.CandleFetchService      : Found 22500 candles in DB for TATAELXSI/1min
2026-06-28T22:06:50.782+05:30  INFO 24860 --- [stokr-lite] [pool-2-thread-3] com.stokr.engine.CandleFetchService      : Fetching candles: symbol=TVSMOTOR, timeframe=1min, start=2026-03-26T00:00, end=2026-06-27T23:59:59
2026-06-28T22:06:51.033+05:30  INFO 24860 --- [stokr-lite] [pool-2-thread-4] com.stokr.engine.CandleFetchService      : Found 22715 candles in DB for RECLTD/1min
2026-06-28T22:06:51.033+05:30  INFO 24860 --- [stokr-lite] [pool-2-thread-4] com.stokr.engine.CandleFetchService      : Fetching candles: symbol=VEDL, timeframe=1min, start=2026-03-26T00:00, end=2026-06-27T23:59:59
2026-06-28T22:06:53.336+05:30  INFO 24860 --- [stokr-lite] [pool-2-thread-3] com.stokr.engine.CandleFetchService      : Found 22500 candles in DB for TVSMOTOR/1min
2026-06-28T22:06:53.336+05:30  INFO 24860 --- [stokr-lite] [pool-2-thread-3] com.stokr.engine.CandleFetchService      : Fetching candles: symbol=ZYDUSLIFE, timeframe=1min, start=2026-03-26T00:00, end=2026-06-27T23:59:59
2026-06-28T22:06:53.736+05:30  INFO 24860 --- [stokr-lite] [pool-2-thread-2] com.stokr.engine.CandleFetchService      : Found 22715 candles in DB for TORNTPHARM/1min
2026-06-28T22:06:53.736+05:30  INFO 24860 --- [stokr-lite] [pool-2-thread-2] com.stokr.engine.CandleFetchService      : Fetching candles: symbol=ATGL, timeframe=1min, start=2026-03-26T00:00, end=2026-06-27T23:59:59
2026-06-28T22:06:54.639+05:30  INFO 24860 --- [stokr-lite] [pool-2-thread-4] com.stokr.engine.CandleFetchService      : Found 22691 candles in DB for VEDL/1min
2026-06-28T22:06:54.641+05:30  INFO 24860 --- [stokr-lite] [pool-2-thread-4] com.stokr.engine.CandleFetchService      : Fetching candles: symbol=TIINDIA, timeframe=1min, start=2026-03-26T00:00, end=2026-06-27T23:59:59
2026-06-28T22:06:55.419+05:30  INFO 24860 --- [stokr-lite] [pool-2-thread-3] com.stokr.engine.CandleFetchService      : Found 22500 candles in DB for ZYDUSLIFE/1min
2026-06-28T22:06:55.419+05:30  INFO 24860 --- [stokr-lite] [pool-2-thread-3] com.stokr.engine.CandleFetchService      : Fetching candles: symbol=ADANIGREEN, timeframe=1min, start=2026-03-26T00:00, end=2026-06-27T23:59:59
2026-06-28T22:06:55.819+05:30  INFO 24860 --- [stokr-lite] [pool-2-thread-1] com.stokr.engine.CandleFetchService      : Found 22715 candles in DB for TATAPOWER/1min
2026-06-28T22:06:56.047+05:30  INFO 24860 --- [stokr-lite] [pool-2-thread-2] com.stokr.engine.CandleFetchService      : Found 22695 candles in DB for ATGL/1min
2026-06-28T22:06:56.772+05:30  INFO 24860 --- [stokr-lite] [pool-2-thread-4] com.stokr.engine.CandleFetchService      : Found 22354 candles in DB for TIINDIA/1min
2026-06-28T22:06:57.355+05:30  INFO 24860 --- [stokr-lite] [pool-2-thread-3] com.stokr.engine.CandleFetchService      : Found 22358 candles in DB for ADANIGREEN/1min
2026-06-28T22:07:14.152+05:30  INFO 24860 --- [stokr-lite] [nio-8082-exec-9] com.stokr.engine.BacktestController      : Backtest complete: strategy=ORB_BREAKOUT_LONG trades=25 winRate=52.0% totalPnL=1317
