18:48:57,353 |-INFO in ch.qos.logback.classic.LoggerContext[default] - This is logback-classic version 1.5.16
18:48:57,371 |-INFO in ch.qos.logback.classic.util.ContextInitializer@77b21474 - Here is a list of configurators discovered as a service, by rank: 
18:48:57,371 |-INFO in ch.qos.logback.classic.util.ContextInitializer@77b21474 -   org.springframework.boot.logging.logback.RootLogLevelConfigurator
18:48:57,371 |-INFO in ch.qos.logback.classic.util.ContextInitializer@77b21474 - They will be invoked in order until ExecutionStatus.DO_NOT_INVOKE_NEXT_IF_ANY is returned.
18:48:57,371 |-INFO in ch.qos.logback.classic.util.ContextInitializer@77b21474 - Constructed configurator of type class org.springframework.boot.logging.logback.RootLogLevelConfigurator
18:48:57,384 |-INFO in ch.qos.logback.classic.util.ContextInitializer@77b21474 - org.springframework.boot.logging.logback.RootLogLevelConfigurator.configure() call lasted 2 milliseconds. ExecutionStatus=INVOKE_NEXT_IF_ANY
18:48:57,384 |-INFO in ch.qos.logback.classic.util.ContextInitializer@77b21474 - Trying to configure with ch.qos.logback.classic.joran.SerializedModelConfigurator
18:48:57,386 |-INFO in ch.qos.logback.classic.util.ContextInitializer@77b21474 - Constructed configurator of type class ch.qos.logback.classic.joran.SerializedModelConfigurator
18:48:57,390 |-INFO in ch.qos.logback.classic.LoggerContext[default] - Could NOT find resource [logback-test.scmo]
18:48:57,391 |-INFO in ch.qos.logback.classic.LoggerContext[default] - Could NOT find resource [logback.scmo]
18:48:57,391 |-INFO in ch.qos.logback.classic.util.ContextInitializer@77b21474 - ch.qos.logback.classic.joran.SerializedModelConfigurator.configure() call lasted 5 milliseconds. ExecutionStatus=INVOKE_NEXT_IF_ANY
18:48:57,391 |-INFO in ch.qos.logback.classic.util.ContextInitializer@77b21474 - Trying to configure with ch.qos.logback.classic.util.DefaultJoranConfigurator
18:48:57,392 |-INFO in ch.qos.logback.classic.util.ContextInitializer@77b21474 - Constructed configurator of type class ch.qos.logback.classic.util.DefaultJoranConfigurator
18:48:57,394 |-INFO in ch.qos.logback.classic.LoggerContext[default] - Could NOT find resource [logback-test.xml]
18:48:57,395 |-INFO in ch.qos.logback.classic.LoggerContext[default] - Could NOT find resource [logback.xml]
18:48:57,395 |-INFO in ch.qos.logback.classic.util.ContextInitializer@77b21474 - ch.qos.logback.classic.util.DefaultJoranConfigurator.configure() call lasted 3 milliseconds. ExecutionStatus=INVOKE_NEXT_IF_ANY
18:48:57,395 |-INFO in ch.qos.logback.classic.util.ContextInitializer@77b21474 - Trying to configure with ch.qos.logback.classic.BasicConfigurator
18:48:57,395 |-INFO in ch.qos.logback.classic.util.ContextInitializer@77b21474 - Constructed configurator of type class ch.qos.logback.classic.BasicConfigurator
18:48:57,395 |-INFO in ch.qos.logback.classic.BasicConfigurator@52d10fb8 - Setting up default configuration.
18:48:57,437 |-INFO in ch.qos.logback.core.ConsoleAppender[console] - BEWARE: Writing to the console can be very slow. Avoid logging to the 
18:48:57,437 |-INFO in ch.qos.logback.core.ConsoleAppender[console] - console in production environments, especially in high volume systems.
18:48:57,437 |-INFO in ch.qos.logback.core.ConsoleAppender[console] - See also https://logback.qos.ch/codes.html#slowConsole
18:48:57,437 |-INFO in ch.qos.logback.classic.util.ContextInitializer@77b21474 - ch.qos.logback.classic.BasicConfigurator.configure() call lasted 42 milliseconds. ExecutionStatus=NEUTRAL
18:48:58,345 |-INFO in ConfigurationWatchList(mainURL=jar:nested:/C:/Users/itsvi/Desktop/work_new/stokr-platform/stokr-bootstrap/target/stokr-bootstrap-1.0.0-SNAPSHOT.jar/!BOOT-INF/classes/!/logback-spring.xml, fileWatchList={}, urlWatchList=[}) - URL [jar:nested:/C:/Users/itsvi/Desktop/work_new/stokr-platform/stokr-bootstrap/target/stokr-bootstrap-1.0.0-SNAPSHOT.jar/!BOOT-INF/classes/!/logback-spring.xml] is not of type file
18:48:58,415 |-WARN in ch.qos.logback.core.joran.action.ConversionRuleAction - [converterClass] attribute is deprecated and replaced by [class]. See element [conversionRule] near line 6
18:48:58,454 |-INFO in ch.qos.logback.core.joran.util.ConfigurationWatchListUtil@781e7326 - Adding [jar:nested:/C:/Users/itsvi/Desktop/work_new/stokr-platform/stokr-bootstrap/target/stokr-bootstrap-1.0.0-SNAPSHOT.jar/!BOOT-INF/lib/spring-boot-3.4.2.jar!/org/springframework/boot/logging/logback/defaults.xml] to configuration watch list.
18:48:58,454 |-INFO in ConfigurationWatchList(mainURL=jar:nested:/C:/Users/itsvi/Desktop/work_new/stokr-platform/stokr-bootstrap/target/stokr-bootstrap-1.0.0-SNAPSHOT.jar/!BOOT-INF/classes/!/logback-spring.xml, fileWatchList={}, urlWatchList=[}) - Cannot watch [jar:nested:/C:/Users/itsvi/Desktop/work_new/stokr-platform/stokr-bootstrap/target/stokr-bootstrap-1.0.0-SNAPSHOT.jar/!BOOT-INF/lib/spring-boot-3.4.2.jar!/org/springframework/boot/logging/logback/defaults.xml] as its protocol is not one of file, http or https.
18:48:58,470 |-INFO in ch.qos.logback.core.model.processor.ConversionRuleModelHandler - registering conversion word applicationName with class [org.springframework.boot.logging.logback.ApplicationNameConverter]
18:48:58,470 |-INFO in ch.qos.logback.core.model.processor.ConversionRuleModelHandler - registering conversion word clr with class [org.springframework.boot.logging.logback.ColorConverter]
18:48:58,470 |-INFO in ch.qos.logback.core.model.processor.ConversionRuleModelHandler - registering conversion word correlationId with class [org.springframework.boot.logging.logback.CorrelationIdConverter]
18:48:58,470 |-INFO in ch.qos.logback.core.model.processor.ConversionRuleModelHandler - registering conversion word esb with class [org.springframework.boot.logging.logback.EnclosedInSquareBracketsConverter]
18:48:58,470 |-INFO in ch.qos.logback.core.model.processor.ConversionRuleModelHandler - registering conversion word wex with class [org.springframework.boot.logging.logback.WhitespaceThrowableProxyConverter]
18:48:58,470 |-INFO in ch.qos.logback.core.model.processor.ConversionRuleModelHandler - registering conversion word wEx with class [org.springframework.boot.logging.logback.ExtendedWhitespaceThrowableProxyConverter]
18:48:58,470 |-INFO in ch.qos.logback.core.model.processor.ModelInterpretationContext@22680f52 - value "%d{yyyy-MM-dd'T'HH:mm:ss.SSSXXX} %-5level [%thread] [%X{correlationId}] %logger{36} - %msg%n" substituted for "${CONSOLE_LOG_PATTERN:-%clr(%d{${LOG_DATEFORMAT_PATTERN:-yyyy-MM-dd'T'HH:mm:ss.SSSXXX}}){faint} %clr(${LOG_LEVEL_PATTERN:-%5p}){} %clr(${PID:-}){magenta} %clr(--- %esb(){APPLICATION_NAME}%esb{APPLICATION_GROUP}[%15.15t] ${LOG_CORRELATION_PATTERN:-}){faint}%clr(%-40.40logger{39}){cyan} %clr(:){faint} %m%n${LOG_EXCEPTION_CONVERSION_WORD:-%wEx}}"
18:48:58,470 |-INFO in ch.qos.logback.core.model.processor.ModelInterpretationContext@22680f52 - value "UTF-8" substituted for "${CONSOLE_LOG_CHARSET:-${file.encoding:-UTF-8}}"
18:48:58,470 |-INFO in ch.qos.logback.core.model.processor.ModelInterpretationContext@22680f52 - value "TRACE" substituted for "${CONSOLE_LOG_THRESHOLD:-TRACE}"
18:48:58,470 |-INFO in ch.qos.logback.core.model.processor.ModelInterpretationContext@22680f52 - value "" substituted for "${CONSOLE_LOG_STRUCTURED_FORMAT:-}"
18:48:58,470 |-INFO in ch.qos.logback.core.model.processor.ModelInterpretationContext@22680f52 - value "%d{yyyy-MM-dd'T'HH:mm:ss.SSSXXX} %5p 2984 --- %esb(){APPLICATION_NAME}%esb{APPLICATION_GROUP}[%t] %-40.40logger{39} : %m%n%wEx" substituted for "${FILE_LOG_PATTERN:-%d{${LOG_DATEFORMAT_PATTERN:-yyyy-MM-dd'T'HH:mm:ss.SSSXXX}} ${LOG_LEVEL_PATTERN:-%5p} ${PID:-} --- %esb(){APPLICATION_NAME}%esb{APPLICATION_GROUP}[%t] ${LOG_CORRELATION_PATTERN:-}%-40.40logger{39} : %m%n${LOG_EXCEPTION_CONVERSION_WORD:-%wEx}}"
18:48:58,470 |-INFO in ch.qos.logback.core.model.processor.ModelInterpretationContext@22680f52 - value "UTF-8" substituted for "${FILE_LOG_CHARSET:-${file.encoding:-UTF-8}}"
18:48:58,470 |-INFO in ch.qos.logback.core.model.processor.ModelInterpretationContext@22680f52 - value "TRACE" substituted for "${FILE_LOG_THRESHOLD:-TRACE}"
18:48:58,470 |-INFO in ch.qos.logback.core.model.processor.ModelInterpretationContext@22680f52 - value "" substituted for "${FILE_LOG_STRUCTURED_FORMAT:-}"
18:48:58,470 |-INFO in ch.qos.logback.core.model.processor.ConversionRuleModelHandler - registering conversion word maskedMsg with class [com.stokr.bootstrap.logging.SecretMaskingConverter]
18:48:58,470 |-INFO in ch.qos.logback.classic.model.processor.LoggerModelHandler - Setting level of logger [org.apache.catalina.startup.DigesterFactory] to ERROR
18:48:58,470 |-INFO in ch.qos.logback.classic.jul.LevelChangePropagator@60d84f61 - Propagating ERROR level on Logger[org.apache.catalina.startup.DigesterFactory] onto the JUL framework
18:48:58,485 |-INFO in ch.qos.logback.classic.model.processor.LoggerModelHandler - Setting level of logger [org.apache.catalina.util.LifecycleBase] to ERROR
18:48:58,485 |-INFO in ch.qos.logback.classic.jul.LevelChangePropagator@60d84f61 - Propagating ERROR level on Logger[org.apache.catalina.util.LifecycleBase] onto the JUL framework
18:48:58,485 |-INFO in ch.qos.logback.classic.model.processor.LoggerModelHandler - Setting level of logger [org.apache.coyote.http11.Http11NioProtocol] to WARN
18:48:58,485 |-INFO in ch.qos.logback.classic.jul.LevelChangePropagator@60d84f61 - Propagating WARN level on Logger[org.apache.coyote.http11.Http11NioProtocol] onto the JUL framework
18:48:58,485 |-INFO in ch.qos.logback.classic.model.processor.LoggerModelHandler - Setting level of logger [org.apache.sshd.common.util.SecurityUtils] to WARN
18:48:58,485 |-INFO in ch.qos.logback.classic.jul.LevelChangePropagator@60d84f61 - Propagating WARN level on Logger[org.apache.sshd.common.util.SecurityUtils] onto the JUL framework
18:48:58,485 |-INFO in ch.qos.logback.classic.model.processor.LoggerModelHandler - Setting level of logger [org.apache.tomcat.util.net.NioSelectorPool] to WARN
18:48:58,485 |-INFO in ch.qos.logback.classic.jul.LevelChangePropagator@60d84f61 - Propagating WARN level on Logger[org.apache.tomcat.util.net.NioSelectorPool] onto the JUL framework
18:48:58,485 |-INFO in ch.qos.logback.classic.model.processor.LoggerModelHandler - Setting level of logger [org.eclipse.jetty.util.component.AbstractLifeCycle] to ERROR
18:48:58,485 |-INFO in ch.qos.logback.classic.jul.LevelChangePropagator@60d84f61 - Propagating ERROR level on Logger[org.eclipse.jetty.util.component.AbstractLifeCycle] onto the JUL framework
18:48:58,485 |-INFO in ch.qos.logback.classic.model.processor.LoggerModelHandler - Setting level of logger [org.hibernate.validator.internal.util.Version] to WARN
18:48:58,485 |-INFO in ch.qos.logback.classic.jul.LevelChangePropagator@60d84f61 - Propagating WARN level on Logger[org.hibernate.validator.internal.util.Version] onto the JUL framework
18:48:58,485 |-INFO in ch.qos.logback.classic.model.processor.LoggerModelHandler - Setting level of logger [org.springframework.boot.actuate.endpoint.jmx] to WARN
18:48:58,485 |-INFO in ch.qos.logback.classic.jul.LevelChangePropagator@60d84f61 - Propagating WARN level on Logger[org.springframework.boot.actuate.endpoint.jmx] onto the JUL framework
18:48:58,487 |-INFO in ch.qos.logback.core.model.processor.AppenderModelHandler - Processing appender named [CONSOLE]
18:48:58,487 |-INFO in ch.qos.logback.core.model.processor.AppenderModelHandler - About to instantiate appender of type [ch.qos.logback.core.ConsoleAppender]
18:48:58,492 |-INFO in ch.qos.logback.core.model.processor.ImplicitModelHandler - Assuming default type [ch.qos.logback.classic.encoder.PatternLayoutEncoder] for [encoder] property
18:48:58,539 |-INFO in ch.qos.logback.core.ConsoleAppender[CONSOLE] - BEWARE: Writing to the console can be very slow. Avoid logging to the 
18:48:58,539 |-INFO in ch.qos.logback.core.ConsoleAppender[CONSOLE] - console in production environments, especially in high volume systems.
18:48:58,539 |-INFO in ch.qos.logback.core.ConsoleAppender[CONSOLE] - See also https://logback.qos.ch/codes.html#slowConsole
18:48:58,539 |-INFO in ch.qos.logback.core.model.processor.AppenderModelHandler - Processing appender named [ASYNC_CONSOLE]
18:48:58,539 |-INFO in ch.qos.logback.core.model.processor.AppenderModelHandler - About to instantiate appender of type [ch.qos.logback.classic.AsyncAppender]
18:48:58,547 |-INFO in ch.qos.logback.core.model.processor.AppenderRefModelHandler - Attaching appender named [CONSOLE] to ch.qos.logback.classic.AsyncAppender[ASYNC_CONSOLE]
18:48:58,547 |-INFO in ch.qos.logback.classic.AsyncAppender[ASYNC_CONSOLE] - Attaching appender named [CONSOLE] to AsyncAppender.
18:48:58,547 |-INFO in ch.qos.logback.classic.AsyncAppender[ASYNC_CONSOLE] - Setting discardingThreshold to 0
18:48:58,547 |-INFO in ch.qos.logback.classic.model.processor.RootLoggerModelHandler - Setting level of ROOT logger to INFO
18:48:58,547 |-INFO in ch.qos.logback.classic.jul.LevelChangePropagator@60d84f61 - Propagating INFO level on Logger[ROOT] onto the JUL framework
18:48:58,547 |-INFO in ch.qos.logback.core.model.processor.AppenderRefModelHandler - Attaching appender named [ASYNC_CONSOLE] to Logger[ROOT]
18:48:58,547 |-INFO in ch.qos.logback.classic.model.processor.LoggerModelHandler - Setting level of logger [org.hibernate.SQL] to WARN
18:48:58,547 |-INFO in ch.qos.logback.classic.jul.LevelChangePropagator@60d84f61 - Propagating WARN level on Logger[org.hibernate.SQL] onto the JUL framework
18:48:58,547 |-INFO in ch.qos.logback.classic.model.processor.LoggerModelHandler - Setting level of logger [org.springframework.web.servlet.mvc.method.annotation.SseEmitter] to WARN
18:48:58,547 |-INFO in ch.qos.logback.classic.jul.LevelChangePropagator@60d84f61 - Propagating WARN level on Logger[org.springframework.web.servlet.mvc.method.annotation.SseEmitter] onto the JUL framework
18:48:58,547 |-INFO in ch.qos.logback.classic.model.processor.LoggerModelHandler - Setting level of logger [com.zaxxer.hikari] to WARN
18:48:58,547 |-INFO in ch.qos.logback.classic.jul.LevelChangePropagator@60d84f61 - Propagating WARN level on Logger[com.zaxxer.hikari] onto the JUL framework
18:48:58,547 |-INFO in ch.qos.logback.classic.model.processor.LoggerModelHandler - Setting level of logger [org.springframework.security] to WARN
18:48:58,547 |-INFO in ch.qos.logback.classic.jul.LevelChangePropagator@60d84f61 - Propagating WARN level on Logger[org.springframework.security] onto the JUL framework
18:48:58,547 |-INFO in ch.qos.logback.core.model.processor.DefaultProcessor@39c11e6c - End of configuration.
18:48:58,547 |-INFO in org.springframework.boot.logging.logback.SpringBootJoranConfigurator@324dcd31 - Registering current configuration as safe fallback point


  .   ____          _            __ _ _
 /\\ / ___'_ __ _ _(_)_ __  __ _ \ \ \ \
( ( )\___ | '_ | '_| | '_ \/ _` | \ \ \ \
 \\/  ___)| |_)| | | | | || (_| |  ) ) ) )
  '  |____| .__|_| |_|_| |_\__, | / / / /
 =========|_|==============|___/=/_/_/_/

 :: Spring Boot ::                (v3.4.2)

18:48:58.788 [34mINFO [0;39m [36mc.stokr.bootstrap.StokrApplication[0;39m [] Starting StokrApplication using Java 21.0.11 with PID 2984 (C:\Users\itsvi\Desktop\work_new\stokr-platform\stokr-bootstrap\target\stokr-bootstrap-1.0.0-SNAPSHOT.jar started by itsvi in C:\Users\itsvi\Desktop\work_new\stokr-platform)
18:48:58.788 [34mINFO [0;39m [36mc.stokr.bootstrap.StokrApplication[0;39m [] No active profile set, falling back to 1 default profile: "default"
18:49:01.538 [34mINFO [0;39m [36mo.s.d.r.c.RepositoryConfigurationDelegate[0;39m [] Multiple Spring Data modules found, entering strict repository configuration mode
18:49:01.538 [34mINFO [0;39m [36mo.s.d.r.c.RepositoryConfigurationDelegate[0;39m [] Bootstrapping Spring Data JPA repositories in DEFAULT mode.
18:49:02.171 [34mINFO [0;39m [36mo.s.d.r.c.RepositoryConfigurationDelegate[0;39m [] Finished Spring Data repository scanning in 614 ms. Found 89 JPA repository interfaces.
18:49:03.251 [34mINFO [0;39m [36mo.s.d.r.c.RepositoryConfigurationDelegate[0;39m [] Multiple Spring Data modules found, entering strict repository configuration mode
18:49:03.254 [34mINFO [0;39m [36mo.s.d.r.c.RepositoryConfigurationDelegate[0;39m [] Bootstrapping Spring Data Redis repositories in DEFAULT mode.
18:49:03.269 [34mINFO [0;39m [36mo.s.d.r.c.RepositoryConfigurationExtensionSupport[0;39m [] Spring Data Redis - Could not safely identify store assignment for repository candidate interface com.stokr.bootstrap.repository.MarketDataStalenessLogRepository; If you want this repository to be a Redis repository, consider annotating your entities with one of these annotations: org.springframework.data.redis.core.RedisHash (preferred), or consider extending one of the following types with your repository: org.springframework.data.keyvalue.repository.KeyValueRepository
18:49:03.269 [34mINFO [0;39m [36mo.s.d.r.c.RepositoryConfigurationExtensionSupport[0;39m [] Spring Data Redis - Could not safely identify store assignment for repository candidate interface com.stokr.bootstrap.repository.PositionOrphanDetectionLogRepository; If you want this repository to be a Redis repository, consider annotating your entities with one of these annotations: org.springframework.data.redis.core.RedisHash (preferred), or consider extending one of the following types with your repository: org.springframework.data.keyvalue.repository.KeyValueRepository
18:49:03.269 [34mINFO [0;39m [36mo.s.d.r.c.RepositoryConfigurationExtensionSupport[0;39m [] Spring Data Redis - Could not safely identify store assignment for repository candidate interface com.stokr.bootstrap.repository.RedisHealthLogRepository; If you want this repository to be a Redis repository, consider annotating your entities with one of these annotations: org.springframework.data.redis.core.RedisHash (preferred), or consider extending one of the following types with your repository: org.springframework.data.keyvalue.repository.KeyValueRepository
18:49:03.269 [34mINFO [0;39m [36mo.s.d.r.c.RepositoryConfigurationExtensionSupport[0;39m [] Spring Data Redis - Could not safely identify store assignment for repository candidate interface com.stokr.bootstrap.repository.StrategyDriftDetectionLogRepository; If you want this repository to be a Redis repository, consider annotating your entities with one of these annotations: org.springframework.data.redis.core.RedisHash (preferred), or consider extending one of the following types with your repository: org.springframework.data.keyvalue.repository.KeyValueRepository
18:49:03.269 [34mINFO [0;39m [36mo.s.d.r.c.RepositoryConfigurationDelegate[0;39m [] Finished Spring Data repository scanning in 15 ms. Found 0 Redis repository interfaces.
18:49:05.477 [34mINFO [0;39m [36mo.s.b.w.e.tomcat.TomcatWebServer[0;39m [] Tomcat initialized with port 8080 (http)
18:49:05.503 [34mINFO [0;39m [36mo.a.catalina.core.StandardService[0;39m [] Starting service [Tomcat]
18:49:05.503 [34mINFO [0;39m [36mo.a.catalina.core.StandardEngine[0;39m [] Starting Servlet engine: [Apache Tomcat/10.1.34]
18:49:05.591 [34mINFO [0;39m [36mo.a.c.c.C.[Tomcat].[localhost].[/][0;39m [] Initializing Spring embedded WebApplicationContext
18:49:05.595 [34mINFO [0;39m [36mo.s.b.w.s.c.ServletWebServerApplicationContext[0;39m [] Root WebApplicationContext: initialization completed in 6644 ms
18:49:19.226 [1;31mERROR[0;39m [36mo.s.b.w.e.tomcat.TomcatStarter[0;39m [] Error starting Tomcat context. Exception: org.springframework.beans.factory.UnsatisfiedDependencyException. Message: Error creating bean with name 'jwtAuthenticationFilter' defined in URL [jar:nested:/C:/Users/itsvi/Desktop/work_new/stokr-platform/stokr-bootstrap/target/stokr-bootstrap-1.0.0-SNAPSHOT.jar/!BOOT-INF/lib/stokr-auth-1.0.0-SNAPSHOT.jar!/com/stokr/auth/security/JwtAuthenticationFilter.class]: Unsatisfied dependency expressed through constructor parameter 2: Error creating bean with name 'stokrUserDetailsService' defined in URL [jar:nested:/C:/Users/itsvi/Desktop/work_new/stokr-platform/stokr-bootstrap/target/stokr-bootstrap-1.0.0-SNAPSHOT.jar/!BOOT-INF/lib/stokr-auth-1.0.0-SNAPSHOT.jar!/com/stokr/auth/security/StokrUserDetailsService.class]: Unsatisfied dependency expressed through constructor parameter 0: Error creating bean with name 'authUserRepository' defined in com.stokr.auth.repository.AuthUserRepository defined in @EnableJpaRepositories declared on StokrApplication: Cannot resolve reference to bean 'jpaSharedEM_entityManagerFactory' while setting bean property 'entityManager'
18:49:19.253 [34mINFO [0;39m [36mo.a.catalina.core.StandardService[0;39m [] Stopping service [Tomcat]
18:49:19.265 [31mWARN [0;39m [36mo.a.c.loader.WebappClassLoaderBase[0;39m [] The web application [ROOT] appears to have started a thread named [lettuce-timer-3-1] but has failed to stop it. This is very likely to create a memory leak. Stack trace of thread:
 java.base/java.lang.Thread.sleep0(Native Method)
 java.base/java.lang.Thread.sleep(Thread.java:509)
 io.netty.util.HashedWheelTimer$Worker.waitForNextTick(HashedWheelTimer.java:598)
 io.netty.util.HashedWheelTimer$Worker.run(HashedWheelTimer.java:494)
 io.netty.util.concurrent.FastThreadLocalRunnable.run(FastThreadLocalRunnable.java:30)
 java.base/java.lang.Thread.run(Thread.java:1583)
18:49:19.272 [31mWARN [0;39m [36mo.s.b.w.s.c.AnnotationConfigServletWebServerApplicationContext[0;39m [] Exception encountered during context initialization - cancelling refresh attempt: org.springframework.context.ApplicationContextException: Unable to start web server
18:49:19.297 [34mINFO [0;39m [36mo.s.b.a.l.ConditionEvaluationReportLogger[0;39m [] 

Error starting ApplicationContext. To display the condition evaluation report re-run your application with 'debug' enabled.
18:49:19.331 [1;31mERROR[0;39m [36mo.s.boot.SpringApplication[0;39m [] Application run failed
org.springframework.context.ApplicationContextException: Unable to start web server
	at org.springframework.boot.web.servlet.context.ServletWebServerApplicationContext.onRefresh(ServletWebServerApplicationContext.java:165)
	at org.springframework.context.support.AbstractApplicationContext.refresh(AbstractApplicationContext.java:621)
	at org.springframework.boot.web.servlet.context.ServletWebServerApplicationContext.refresh(ServletWebServerApplicationContext.java:146)
	at org.springframework.boot.SpringApplication.refresh(SpringApplication.java:752)
	at org.springframework.boot.SpringApplication.refreshContext(SpringApplication.java:439)
	at org.springframework.boot.SpringApplication.run(SpringApplication.java:318)
	at org.springframework.boot.SpringApplication.run(SpringApplication.java:1361)
	at org.springframework.boot.SpringApplication.run(SpringApplication.java:1350)
	at com.stokr.bootstrap.StokrApplication.main(StokrApplication.java:20)
	at java.base/jdk.internal.reflect.DirectMethodHandleAccessor.invoke(DirectMethodHandleAccessor.java:103)
	at java.base/java.lang.reflect.Method.invoke(Method.java:580)
	at org.springframework.boot.loader.launch.Launcher.launch(Launcher.java:102)
	at org.springframework.boot.loader.launch.Launcher.launch(Launcher.java:64)
	at org.springframework.boot.loader.launch.JarLauncher.main(JarLauncher.java:40)
Caused by: org.springframework.boot.web.server.WebServerException: Unable to start embedded Tomcat
	at org.springframework.boot.web.embedded.tomcat.TomcatWebServer.initialize(TomcatWebServer.java:147)
	at org.springframework.boot.web.embedded.tomcat.TomcatWebServer.<init>(TomcatWebServer.java:107)
	at org.springframework.boot.web.embedded.tomcat.TomcatServletWebServerFactory.getTomcatWebServer(TomcatServletWebServerFactory.java:516)
	at org.springframework.boot.web.embedded.tomcat.TomcatServletWebServerFactory.getWebServer(TomcatServletWebServerFactory.java:222)
	at org.springframework.boot.web.servlet.context.ServletWebServerApplicationContext.createWebServer(ServletWebServerApplicationContext.java:188)
	at org.springframework.boot.web.servlet.context.ServletWebServerApplicationContext.onRefresh(ServletWebServerApplicationContext.java:162)
	... 13 common frames omitted
Caused by: org.springframework.beans.factory.UnsatisfiedDependencyException: Error creating bean with name 'jwtAuthenticationFilter' defined in URL [jar:nested:/C:/Users/itsvi/Desktop/work_new/stokr-platform/stokr-bootstrap/target/stokr-bootstrap-1.0.0-SNAPSHOT.jar/!BOOT-INF/lib/stokr-auth-1.0.0-SNAPSHOT.jar!/com/stokr/auth/security/JwtAuthenticationFilter.class]: Unsatisfied dependency expressed through constructor parameter 2: Error creating bean with name 'stokrUserDetailsService' defined in URL [jar:nested:/C:/Users/itsvi/Desktop/work_new/stokr-platform/stokr-bootstrap/target/stokr-bootstrap-1.0.0-SNAPSHOT.jar/!BOOT-INF/lib/stokr-auth-1.0.0-SNAPSHOT.jar!/com/stokr/auth/security/StokrUserDetailsService.class]: Unsatisfied dependency expressed through constructor parameter 0: Error creating bean with name 'authUserRepository' defined in com.stokr.auth.repository.AuthUserRepository defined in @EnableJpaRepositories declared on StokrApplication: Cannot resolve reference to bean 'jpaSharedEM_entityManagerFactory' while setting bean property 'entityManager'
	at org.springframework.beans.factory.support.ConstructorResolver.createArgumentArray(ConstructorResolver.java:804)
	at org.springframework.beans.factory.support.ConstructorResolver.autowireConstructor(ConstructorResolver.java:240)
	at org.springframework.beans.factory.support.AbstractAutowireCapableBeanFactory.autowireConstructor(AbstractAutowireCapableBeanFactory.java:1381)
	at org.springframework.beans.factory.support.AbstractAutowireCapableBeanFactory.createBeanInstance(AbstractAutowireCapableBeanFactory.java:1218)
	at org.springframework.beans.factory.support.AbstractAutowireCapableBeanFactory.doCreateBean(AbstractAutowireCapableBeanFactory.java:563)
	at org.springframework.beans.factory.support.AbstractAutowireCapableBeanFactory.createBean(AbstractAutowireCapableBeanFactory.java:523)
	at org.springframework.beans.factory.support.AbstractBeanFactory.lambda$doGetBean$0(AbstractBeanFactory.java:336)
	at org.springframework.beans.factory.support.DefaultSingletonBeanRegistry.getSingleton(DefaultSingletonBeanRegistry.java:307)
	at org.springframework.beans.factory.support.AbstractBeanFactory.doGetBean(AbstractBeanFactory.java:334)
	at org.springframework.beans.factory.support.AbstractBeanFactory.getBean(AbstractBeanFactory.java:204)
	at org.springframework.boot.web.servlet.ServletContextInitializerBeans.getOrderedBeansOfType(ServletContextInitializerBeans.java:211)
	at org.springframework.boot.web.servlet.ServletContextInitializerBeans.addAsRegistrationBean(ServletContextInitializerBeans.java:174)
	at org.springframework.boot.web.servlet.ServletContextInitializerBeans.addAsRegistrationBean(ServletContextInitializerBeans.java:169)
	at org.springframework.boot.web.servlet.ServletContextInitializerBeans.addAdaptableBeans(ServletContextInitializerBeans.java:154)
	at org.springframework.boot.web.servlet.ServletContextInitializerBeans.<init>(ServletContextInitializerBeans.java:87)
	at org.springframework.boot.web.servlet.context.ServletWebServerApplicationContext.getServletContextInitializerBeans(ServletWebServerApplicationContext.java:266)
	at org.springframework.boot.web.servlet.context.ServletWebServerApplicationContext.selfInitialize(ServletWebServerApplicationContext.java:240)
	at org.springframework.boot.web.embedded.tomcat.TomcatStarter.onStartup(TomcatStarter.java:52)
	at org.apache.catalina.core.StandardContext.startInternal(StandardContext.java:4426)
	at org.apache.catalina.util.LifecycleBase.start(LifecycleBase.java:164)
	at org.apache.catalina.core.ContainerBase$StartChild.call(ContainerBase.java:1203)
	at org.apache.catalina.core.ContainerBase$StartChild.call(ContainerBase.java:1193)
	at java.base/java.util.concurrent.FutureTask.run(FutureTask.java:317)
	at org.apache.tomcat.util.threads.InlineExecutorService.execute(InlineExecutorService.java:75)
	at java.base/java.util.concurrent.AbstractExecutorService.submit(AbstractExecutorService.java:145)
	at org.apache.catalina.core.ContainerBase.startInternal(ContainerBase.java:749)
	at org.apache.catalina.core.StandardHost.startInternal(StandardHost.java:772)
	at org.apache.catalina.util.LifecycleBase.start(LifecycleBase.java:164)
	at org.apache.catalina.core.ContainerBase$StartChild.call(ContainerBase.java:1203)
	at org.apache.catalina.core.ContainerBase$StartChild.call(ContainerBase.java:1193)
	at java.base/java.util.concurrent.FutureTask.run(FutureTask.java:317)
	at org.apache.tomcat.util.threads.InlineExecutorService.execute(InlineExecutorService.java:75)
	at java.base/java.util.concurrent.AbstractExecutorService.submit(AbstractExecutorService.java:145)
	at org.apache.catalina.core.ContainerBase.startInternal(ContainerBase.java:749)
	at org.apache.catalina.core.StandardEngine.startInternal(StandardEngine.java:203)
	at org.apache.catalina.util.LifecycleBase.start(LifecycleBase.java:164)
	at org.apache.catalina.core.StandardService.startInternal(StandardService.java:415)
	at org.apache.catalina.util.LifecycleBase.start(LifecycleBase.java:164)
	at org.apache.catalina.core.StandardServer.startInternal(StandardServer.java:870)
	at org.apache.catalina.util.LifecycleBase.start(LifecycleBase.java:164)
	at org.apache.catalina.startup.Tomcat.start(Tomcat.java:437)
	at org.springframework.boot.web.embedded.tomcat.TomcatWebServer.initialize(TomcatWebServer.java:128)
	... 18 common frames omitted
Caused by: org.springframework.beans.factory.UnsatisfiedDependencyException: Error creating bean with name 'stokrUserDetailsService' defined in URL [jar:nested:/C:/Users/itsvi/Desktop/work_new/stokr-platform/stokr-bootstrap/target/stokr-bootstrap-1.0.0-SNAPSHOT.jar/!BOOT-INF/lib/stokr-auth-1.0.0-SNAPSHOT.jar!/com/stokr/auth/security/StokrUserDetailsService.class]: Unsatisfied dependency expressed through constructor parameter 0: Error creating bean with name 'authUserRepository' defined in com.stokr.auth.repository.AuthUserRepository defined in @EnableJpaRepositories declared on StokrApplication: Cannot resolve reference to bean 'jpaSharedEM_entityManagerFactory' while setting bean property 'entityManager'
	at org.springframework.beans.factory.support.ConstructorResolver.createArgumentArray(ConstructorResolver.java:804)
	at org.springframework.beans.factory.support.ConstructorResolver.autowireConstructor(ConstructorResolver.java:240)
	at org.springframework.beans.factory.support.AbstractAutowireCapableBeanFactory.autowireConstructor(AbstractAutowireCapableBeanFactory.java:1381)
	at org.springframework.beans.factory.support.AbstractAutowireCapableBeanFactory.createBeanInstance(AbstractAutowireCapableBeanFactory.java:1218)
	at org.springframework.beans.factory.support.AbstractAutowireCapableBeanFactory.doCreateBean(AbstractAutowireCapableBeanFactory.java:563)
	at org.springframework.beans.factory.support.AbstractAutowireCapableBeanFactory.createBean(AbstractAutowireCapableBeanFactory.java:523)
	at org.springframework.beans.factory.support.AbstractBeanFactory.lambda$doGetBean$0(AbstractBeanFactory.java:336)
	at org.springframework.beans.factory.support.DefaultSingletonBeanRegistry.getSingleton(DefaultSingletonBeanRegistry.java:307)
	at org.springframework.beans.factory.support.AbstractBeanFactory.doGetBean(AbstractBeanFactory.java:334)
	at org.springframework.beans.factory.support.AbstractBeanFactory.getBean(AbstractBeanFactory.java:199)
	at org.springframework.beans.factory.config.DependencyDescriptor.resolveCandidate(DependencyDescriptor.java:254)
	at org.springframework.beans.factory.support.DefaultListableBeanFactory.doResolveDependency(DefaultListableBeanFactory.java:1631)
	at org.springframework.beans.factory.support.DefaultListableBeanFactory.resolveDependency(DefaultListableBeanFactory.java:1519)
	at org.springframework.beans.factory.support.ConstructorResolver.resolveAutowiredArgument(ConstructorResolver.java:913)
	at org.springframework.beans.factory.support.ConstructorResolver.createArgumentArray(ConstructorResolver.java:791)
	... 59 common frames omitted
Caused by: org.springframework.beans.factory.BeanCreationException: Error creating bean with name 'authUserRepository' defined in com.stokr.auth.repository.AuthUserRepository defined in @EnableJpaRepositories declared on StokrApplication: Cannot resolve reference to bean 'jpaSharedEM_entityManagerFactory' while setting bean property 'entityManager'
	at org.springframework.beans.factory.support.BeanDefinitionValueResolver.resolveReference(BeanDefinitionValueResolver.java:377)
	at org.springframework.beans.factory.support.BeanDefinitionValueResolver.resolveValueIfNecessary(BeanDefinitionValueResolver.java:135)
	at org.springframework.beans.factory.support.AbstractAutowireCapableBeanFactory.applyPropertyValues(AbstractAutowireCapableBeanFactory.java:1711)
	at org.springframework.beans.factory.support.AbstractAutowireCapableBeanFactory.populateBean(AbstractAutowireCapableBeanFactory.java:1460)
	at org.springframework.beans.factory.support.AbstractAutowireCapableBeanFactory.doCreateBean(AbstractAutowireCapableBeanFactory.java:600)
	at org.springframework.beans.factory.support.AbstractAutowireCapableBeanFactory.createBean(AbstractAutowireCapableBeanFactory.java:523)
	at org.springframework.beans.factory.support.AbstractBeanFactory.lambda$doGetBean$0(AbstractBeanFactory.java:336)
	at org.springframework.beans.factory.support.DefaultSingletonBeanRegistry.getSingleton(DefaultSingletonBeanRegistry.java:307)
	at org.springframework.beans.factory.support.AbstractBeanFactory.doGetBean(AbstractBeanFactory.java:334)
	at org.springframework.beans.factory.support.AbstractBeanFactory.getBean(AbstractBeanFactory.java:199)
	at org.springframework.beans.factory.config.DependencyDescriptor.resolveCandidate(DependencyDescriptor.java:254)
	at org.springframework.beans.factory.support.DefaultListableBeanFactory.doResolveDependency(DefaultListableBeanFactory.java:1631)
	at org.springframework.beans.factory.support.DefaultListableBeanFactory.resolveDependency(DefaultListableBeanFactory.java:1519)
	at org.springframework.beans.factory.support.ConstructorResolver.resolveAutowiredArgument(ConstructorResolver.java:913)
	at org.springframework.beans.factory.support.ConstructorResolver.createArgumentArray(ConstructorResolver.java:791)
	... 73 common frames omitted
Caused by: org.springframework.beans.factory.BeanCreationException: Error creating bean with name 'jpaSharedEM_entityManagerFactory': Cannot resolve reference to bean 'entityManagerFactory' while setting constructor argument
	at org.springframework.beans.factory.support.BeanDefinitionValueResolver.resolveReference(BeanDefinitionValueResolver.java:377)
	at org.springframework.beans.factory.support.BeanDefinitionValueResolver.resolveValueIfNecessary(BeanDefinitionValueResolver.java:135)
	at org.springframework.beans.factory.support.ConstructorResolver.resolveConstructorArguments(ConstructorResolver.java:691)
	at org.springframework.beans.factory.support.ConstructorResolver.instantiateUsingFactoryMethod(ConstructorResolver.java:513)
	at org.springframework.beans.factory.support.AbstractAutowireCapableBeanFactory.instantiateUsingFactoryMethod(AbstractAutowireCapableBeanFactory.java:1361)
	at org.springframework.beans.factory.support.AbstractAutowireCapableBeanFactory.createBeanInstance(AbstractAutowireCapableBeanFactory.java:1191)
	at org.springframework.beans.factory.support.AbstractAutowireCapableBeanFactory.doCreateBean(AbstractAutowireCapableBeanFactory.java:563)
	at org.springframework.beans.factory.support.AbstractAutowireCapableBeanFactory.createBean(AbstractAutowireCapableBeanFactory.java:523)
	at org.springframework.beans.factory.support.AbstractBeanFactory.lambda$doGetBean$0(AbstractBeanFactory.java:336)
	at org.springframework.beans.factory.support.DefaultSingletonBeanRegistry.getSingleton(DefaultSingletonBeanRegistry.java:307)
	at org.springframework.beans.factory.support.AbstractBeanFactory.doGetBean(AbstractBeanFactory.java:334)
	at org.springframework.beans.factory.support.AbstractBeanFactory.getBean(AbstractBeanFactory.java:199)
	at org.springframework.beans.factory.support.BeanDefinitionValueResolver.resolveReference(BeanDefinitionValueResolver.java:365)
	... 87 common frames omitted
Caused by: org.springframework.beans.factory.BeanCreationException: Error creating bean with name 'flywayInitializer' defined in class path resource [org/springframework/boot/autoconfigure/flyway/FlywayAutoConfiguration$FlywayConfiguration.class]: Unable to obtain connection from database: The connection attempt failed.
-------------------------------------------------------------------------
SQL State  : 08001
Error Code : 0
Message    : The connection attempt failed.

	at org.springframework.beans.factory.support.AbstractAutowireCapableBeanFactory.initializeBean(AbstractAutowireCapableBeanFactory.java:1812)
	at org.springframework.beans.factory.support.AbstractAutowireCapableBeanFactory.doCreateBean(AbstractAutowireCapableBeanFactory.java:601)
	at org.springframework.beans.factory.support.AbstractAutowireCapableBeanFactory.createBean(AbstractAutowireCapableBeanFactory.java:523)
	at org.springframework.beans.factory.support.AbstractBeanFactory.lambda$doGetBean$0(AbstractBeanFactory.java:336)
	at org.springframework.beans.factory.support.DefaultSingletonBeanRegistry.getSingleton(DefaultSingletonBeanRegistry.java:307)
	at org.springframework.beans.factory.support.AbstractBeanFactory.doGetBean(AbstractBeanFactory.java:334)
	at org.springframework.beans.factory.support.AbstractBeanFactory.getBean(AbstractBeanFactory.java:199)
	at org.springframework.beans.factory.support.AbstractBeanFactory.doGetBean(AbstractBeanFactory.java:312)
	at org.springframework.beans.factory.support.AbstractBeanFactory.getBean(AbstractBeanFactory.java:199)
	at org.springframework.beans.factory.support.BeanDefinitionValueResolver.resolveReference(BeanDefinitionValueResolver.java:365)
	... 99 common frames omitted
Caused by: org.flywaydb.core.internal.exception.FlywaySqlException: Unable to obtain connection from database: The connection attempt failed.
-------------------------------------------------------------------------
SQL State  : 08001
Error Code : 0
Message    : The connection attempt failed.

	at org.flywaydb.core.internal.jdbc.JdbcUtils.openConnection(JdbcUtils.java:71)
	at org.flywaydb.core.internal.jdbc.JdbcConnectionFactory.<init>(JdbcConnectionFactory.java:76)
	at org.flywaydb.core.FlywayExecutor.execute(FlywayExecutor.java:137)
	at org.flywaydb.core.Flyway.migrate(Flyway.java:176)
	at org.springframework.boot.autoconfigure.flyway.FlywayMigrationInitializer.afterPropertiesSet(FlywayMigrationInitializer.java:66)
	at org.springframework.beans.factory.support.AbstractAutowireCapableBeanFactory.invokeInitMethods(AbstractAutowireCapableBeanFactory.java:1859)
	at org.springframework.beans.factory.support.AbstractAutowireCapableBeanFactory.initializeBean(AbstractAutowireCapableBeanFactory.java:1808)
	... 108 common frames omitted
Caused by: org.postgresql.util.PSQLException: The connection attempt failed.
	at org.postgresql.core.v3.ConnectionFactoryImpl.openConnectionImpl(ConnectionFactoryImpl.java:364)
	at org.postgresql.core.ConnectionFactory.openConnection(ConnectionFactory.java:54)
	at org.postgresql.jdbc.PgConnection.<init>(PgConnection.java:273)
	at org.postgresql.Driver.makeConnection(Driver.java:446)
	at org.postgresql.Driver.connect(Driver.java:298)
	at com.zaxxer.hikari.util.DriverDataSource.getConnection(DriverDataSource.java:137)
	at com.zaxxer.hikari.pool.PoolBase.newConnection(PoolBase.java:360)
	at com.zaxxer.hikari.pool.PoolBase.newPoolEntry(PoolBase.java:202)
	at com.zaxxer.hikari.pool.HikariPool.createPoolEntry(HikariPool.java:461)
	at com.zaxxer.hikari.pool.HikariPool.checkFailFast(HikariPool.java:550)
	at com.zaxxer.hikari.pool.HikariPool.<init>(HikariPool.java:98)
	at com.zaxxer.hikari.HikariDataSource.getConnection(HikariDataSource.java:111)
	at org.flywaydb.core.internal.jdbc.JdbcUtils.openConnection(JdbcUtils.java:59)
	... 114 common frames omitted
Caused by: java.net.SocketTimeoutException: Connect timed out
	at java.base/sun.nio.ch.NioSocketImpl.timedFinishConnect(NioSocketImpl.java:546)
	at java.base/sun.nio.ch.NioSocketImpl.connect(NioSocketImpl.java:592)
	at java.base/java.net.SocksSocketImpl.connect(SocksSocketImpl.java:327)
	at java.base/java.net.Socket.connect(Socket.java:751)
	at org.postgresql.core.PGStream.createSocket(PGStream.java:260)
	at org.postgresql.core.PGStream.<init>(PGStream.java:121)
	at org.postgresql.core.v3.ConnectionFactoryImpl.tryConnect(ConnectionFactoryImpl.java:140)
	at org.postgresql.core.v3.ConnectionFactoryImpl.openConnectionImpl(ConnectionFactoryImpl.java:268)
	... 126 common frames omitted
